"../../../Engine/Plugins/2D/Paper2D/Content/PlaceholderTextures/DummySpriteTexture.ubulk" 0
"../../../Engine/Plugins/2D/Paper2D/Content/PlaceholderTextures/DummySpriteTexture.uasset" 1
"../../../Engine/Plugins/2D/Paper2D/Content/PlaceholderTextures/DummySpriteTexture.uexp" 2
"../../../Engine/Plugins/2D/Paper2D/Content/DummySprite.uasset" 3
"../../../Engine/Plugins/2D/Paper2D/Content/DummySprite.uexp" 4
"../../../Engine/Plugins/2D/Paper2D/Content/DefaultPaperTerrainMaterial.uasset" 5
"../../../Engine/Plugins/2D/Paper2D/Content/DefaultPaperTerrainMaterial.uexp" 6
"../../../Engine/Plugins/Animation/ACLPlugin/Content/ACLAnimBoneCompressionSettings.uasset" 7
"../../../Engine/Plugins/Animation/ACLPlugin/Content/ACLAnimBoneCompressionSettings.uexp" 8
"../../../Engine/Plugins/Animation/ACLPlugin/Content/ACLAnimCurveCompressionSettings.uasset" 9
"../../../Engine/Plugins/Animation/ACLPlugin/Content/ACLAnimCurveCompressionSettings.uexp" 10
"../../../Engine/Content/Animation/DefaultRecorderBoneCompression.uasset" 11
"../../../Engine/Content/Animation/DefaultRecorderBoneCompression.uexp" 12
"../../../Engine/Content/Animation/DefaultVariableFrameStrippingSettings.uasset" 13
"../../../Engine/Content/Animation/DefaultVariableFrameStrippingSettings.uexp" 14
"../../../Engine/Content/EngineFonts/Faces/DroidSansFallback.uexp" 15
"../../../Engine/Content/EngineFonts/Faces/DroidSansFallback.uasset" 16
"../../../Engine/Content/EngineFonts/Faces/DroidSansFallback.ufont" 17
"../../../Engine/Content/EngineFonts/Faces/RobotoBold.uexp" 18
"../../../Engine/Content/EngineFonts/Faces/RobotoBold.uasset" 19
"../../../Engine/Content/EngineFonts/Faces/RobotoBold.ufont" 20
"../../../Engine/Content/EngineFonts/Faces/RobotoBoldItalic.uexp" 21
"../../../Engine/Content/EngineFonts/Faces/RobotoBoldItalic.uasset" 22
"../../../Engine/Content/EngineFonts/Faces/RobotoBoldItalic.ufont" 23
"../../../Engine/Content/EngineFonts/Faces/RobotoItalic.uexp" 24
"../../../Engine/Content/EngineFonts/Faces/RobotoItalic.uasset" 25
"../../../Engine/Content/EngineFonts/Faces/RobotoItalic.ufont" 26
"../../../Engine/Content/EngineFonts/Faces/RobotoLight.uexp" 27
"../../../Engine/Content/EngineFonts/Faces/RobotoLight.uasset" 28
"../../../Engine/Content/EngineFonts/Faces/RobotoLight.ufont" 29
"../../../Engine/Content/EngineFonts/Faces/RobotoRegular.uexp" 30
"../../../Engine/Content/EngineFonts/Faces/RobotoRegular.uasset" 31
"../../../Engine/Content/EngineFonts/Faces/RobotoRegular.ufont" 32
"../../../Engine/Content/EngineFonts/Roboto.uasset" 33
"../../../Engine/Content/EngineFonts/Roboto.uexp" 34
"../../../Engine/Content/EngineMaterials/DefaultDestructiblePhysicalMaterial.uasset" 35
"../../../Engine/Content/EngineMaterials/DefaultDestructiblePhysicalMaterial.uexp" 36
"../../../Engine/Content/EngineMaterials/DefaultPhysicalMaterial.uasset" 37
"../../../Engine/Content/EngineMaterials/DefaultPhysicalMaterial.uexp" 38
"../../../Engine/Content/EngineSounds/Master.uasset" 39
"../../../Engine/Content/EngineSounds/Master.uexp" 40
"../../../Engine/Plugins/Animation/ControlRig/Content/Controls/DefaultGizmoLibraryNormalized.uasset" 41
"../../../Engine/Plugins/Animation/ControlRig/Content/Controls/DefaultGizmoLibraryNormalized.uexp" 42
"../../../Engine/Content/MobileResources/HUD/VirtualJoystick_Background.uasset" 43
"../../../Engine/Content/MobileResources/HUD/VirtualJoystick_Background.uexp" 44
"../../../Engine/Content/MobileResources/HUD/VirtualJoystick_Thumb.uasset" 45
"../../../Engine/Content/MobileResources/HUD/VirtualJoystick_Thumb.uexp" 46
"../../../Engine/Content/MobileResources/HUD/DefaultVirtualJoysticks.uasset" 47
"../../../Engine/Content/MobileResources/HUD/DefaultVirtualJoysticks.uexp" 48
"../../../Engine/Content/BasicShapes/BasicShapeMaterial.uasset" 49
"../../../Engine/Content/BasicShapes/BasicShapeMaterial.uexp" 50
"../../../Engine/Plugins/2D/Paper2D/Content/DefaultSpriteMaterial.uasset" 51
"../../../Engine/Plugins/2D/Paper2D/Content/DefaultSpriteMaterial.uexp" 52
"../../../Engine/Plugins/2D/Paper2D/Content/MaskedUnlitSpriteMaterial.uasset" 53
"../../../Engine/Plugins/2D/Paper2D/Content/MaskedUnlitSpriteMaterial.uexp" 54
"../../../Engine/Plugins/2D/Paper2D/Content/OpaqueUnlitSpriteMaterial.uasset" 55
"../../../Engine/Plugins/2D/Paper2D/Content/OpaqueUnlitSpriteMaterial.uexp" 56
"../../../Engine/Content/Functions/Engine_MaterialFunctions01/Opacity/CameraDepthFade.uasset" 57
"../../../Engine/Content/Functions/Engine_MaterialFunctions01/Opacity/CameraDepthFade.uexp" 58
"../../../Engine/Content/EngineMaterials/T_Default_Material_Grid_M.ubulk" 59
"../../../Engine/Content/EngineMaterials/T_Default_Material_Grid_M.uasset" 60
"../../../Engine/Content/EngineMaterials/T_Default_Material_Grid_M.uexp" 61
"../../../Engine/Content/EngineMaterials/T_Default_Material_Grid_N.ubulk" 62
"../../../Engine/Content/EngineMaterials/T_Default_Material_Grid_N.uasset" 63
"../../../Engine/Content/EngineMaterials/T_Default_Material_Grid_N.uexp" 64
"../../../Engine/Content/EngineMaterials/DefaultMaterial.uasset" 65
"../../../Engine/Content/EngineMaterials/DefaultMaterial.uexp" 66
"../../../Engine/Content/BasicShapes/Cone.ubulk" 67
"../../../Engine/Content/BasicShapes/Cone.uasset" 68
"../../../Engine/Content/BasicShapes/Cone.uexp" 69
"../../../Engine/Content/Functions/Engine_MaterialFunctions02/WorldPositionOffset/CameraOffset.uasset" 70
"../../../Engine/Content/Functions/Engine_MaterialFunctions02/WorldPositionOffset/CameraOffset.uexp" 71
"../../../Engine/Plugins/Animation/ControlRig/Content/M_Manip.uasset" 72
"../../../Engine/Plugins/Animation/ControlRig/Content/M_Manip.uexp" 73
"../../../Engine/Content/BasicShapes/Cylinder.ubulk" 74
"../../../Engine/Content/BasicShapes/Cylinder.uasset" 75
"../../../Engine/Content/BasicShapes/Cylinder.uexp" 76
"../../../Engine/Content/BasicShapes/Sphere.ubulk" 77
"../../../Engine/Content/BasicShapes/Sphere.uasset" 78
"../../../Engine/Content/BasicShapes/Sphere.uexp" 79
"../../../Engine/Content/EngineMaterials/WorldGridMaterial.uasset" 80
"../../../Engine/Content/EngineMaterials/WorldGridMaterial.uexp" 81
"../../../Engine/Plugins/Media/MediaPlate/Content/SM_MediaPlateScreen.ubulk" 82
"../../../Engine/Plugins/Media/MediaPlate/Content/SM_MediaPlateScreen.uasset" 83
"../../../Engine/Plugins/Media/MediaPlate/Content/SM_MediaPlateScreen.uexp" 84
"../../../Engine/Plugins/NNE/NNEDenoiser/Content/NNEDIM_ColorAlbedoNormal_Alpha.uasset" 85
"../../../Engine/Plugins/NNE/NNEDenoiser/Content/NNEDIM_ColorAlbedoNormal_Alpha.uexp" 86
"../../../Engine/Plugins/NNE/NNEDenoiser/Content/NNEDIM_ColorAlbedoNormal_Default.uasset" 87
"../../../Engine/Plugins/NNE/NNEDenoiser/Content/NNEDIM_ColorAlbedoNormal_Default.uexp" 88
"../../../Engine/Plugins/NNE/NNEDenoiser/Content/NNEDIM_HighQuality_Alpha.uasset" 89
"../../../Engine/Plugins/NNE/NNEDenoiser/Content/NNEDIM_HighQuality_Alpha.uexp" 90
"../../../Engine/Plugins/NNE/NNEDenoiser/Content/NNEDIM_HighQuality_Default.uasset" 91
"../../../Engine/Plugins/NNE/NNEDenoiser/Content/NNEDIM_HighQuality_Default.uexp" 92
"../../../Engine/Plugins/NNE/NNEDenoiser/Content/NNEDOM_Output_Alpha.uasset" 93
"../../../Engine/Plugins/NNE/NNEDenoiser/Content/NNEDOM_Output_Alpha.uexp" 94
"../../../Engine/Plugins/NNE/NNEDenoiser/Content/NNEDOM_Output_Default.uasset" 95
"../../../Engine/Plugins/NNE/NNEDenoiser/Content/NNEDOM_Output_Default.uexp" 96
"../../../Engine/Plugins/NNE/NNEDenoiser/Content/NNEDTIM_ColorAlbedoNormal_Alpha.uasset" 97
"../../../Engine/Plugins/NNE/NNEDenoiser/Content/NNEDTIM_ColorAlbedoNormal_Alpha.uexp" 98
"../../../Engine/Plugins/NNE/NNEDenoiser/Content/NNEDTIM_ColorAlbedoNormal_Default.uasset" 99
"../../../Engine/Plugins/NNE/NNEDenoiser/Content/NNEDTIM_ColorAlbedoNormal_Default.uexp" 100
"../../../Engine/Plugins/NNE/NNEDenoiser/Content/NNEDTOM_Output_Alpha.uasset" 101
"../../../Engine/Plugins/NNE/NNEDenoiser/Content/NNEDTOM_Output_Alpha.uexp" 102
"../../../Engine/Plugins/NNE/NNEDenoiser/Content/NNEDTOM_Output_Default.uasset" 103
"../../../Engine/Plugins/NNE/NNEDenoiser/Content/NNEDTOM_Output_Default.uexp" 104
"../../../Engine/Plugins/NNE/NNEDenoiser/Content/NNEDT_Oidn2-3_Balanced.uasset" 105
"../../../Engine/Plugins/NNE/NNEDenoiser/Content/NNEDT_Oidn2-3_Balanced.uexp" 106
"../../../Engine/Plugins/NNE/NNEDenoiser/Content/NNEDT_Oidn2-3_Balanced_Alpha.uasset" 107
"../../../Engine/Plugins/NNE/NNEDenoiser/Content/NNEDT_Oidn2-3_Balanced_Alpha.uexp" 108
"../../../Engine/Plugins/NNE/NNEDenoiser/Content/NNED_Oidn2-3_Balanced.uasset" 109
"../../../Engine/Plugins/NNE/NNEDenoiser/Content/NNED_Oidn2-3_Balanced.uexp" 110
"../../../Engine/Plugins/NNE/NNEDenoiser/Content/NNED_Oidn2-3_Balanced_Alpha.uasset" 111
"../../../Engine/Plugins/NNE/NNEDenoiser/Content/NNED_Oidn2-3_Balanced_Alpha.uexp" 112
"../../../Engine/Plugins/NNE/NNEDenoiser/Content/NNED_Oidn2-3_Fast.uasset" 113
"../../../Engine/Plugins/NNE/NNEDenoiser/Content/NNED_Oidn2-3_Fast.uexp" 114
"../../../Engine/Plugins/NNE/NNEDenoiser/Content/NNED_Oidn2-3_Fast_Alpha.uasset" 115
"../../../Engine/Plugins/NNE/NNEDenoiser/Content/NNED_Oidn2-3_Fast_Alpha.uexp" 116
"../../../Engine/Plugins/NNE/NNEDenoiser/Content/NNED_Oidn2-3_HighQuality.uasset" 117
"../../../Engine/Plugins/NNE/NNEDenoiser/Content/NNED_Oidn2-3_HighQuality.uexp" 118
"../../../Engine/Plugins/NNE/NNEDenoiser/Content/NNED_Oidn2-3_HighQuality_Alpha.uasset" 119
"../../../Engine/Plugins/NNE/NNEDenoiser/Content/NNED_Oidn2-3_HighQuality_Alpha.uexp" 120
"../../../Engine/Plugins/NNE/NNEDenoiser/Content/NNE_oidn2-3-0_rt_hdr_alb_nrm_small__dyn__fp16_opset11_DenoiseAlpha.uasset" 121
"../../../Engine/Plugins/NNE/NNEDenoiser/Content/NNE_oidn2-3-0_rt_hdr_alb_nrm_small__dyn__fp16_opset11_DenoiseAlpha.uexp" 122
"../../../Engine/Plugins/NNE/NNEDenoiser/Content/NNE_oidn2-3-0_rt_hdr_alb_nrm_small__dyn__fp16_opset11_ForwardAlpha.uasset" 123
"../../../Engine/Plugins/NNE/NNEDenoiser/Content/NNE_oidn2-3-0_rt_hdr_alb_nrm_small__dyn__fp16_opset11_ForwardAlpha.uexp" 124
"../../../Engine/Plugins/NNE/NNEDenoiser/Content/NNE_oidn2-3-0_rt_hdr_alb_nrm__dyn__fp16_opset11_DenoiseAlpha.uasset" 125
"../../../Engine/Plugins/NNE/NNEDenoiser/Content/NNE_oidn2-3-0_rt_hdr_alb_nrm__dyn__fp16_opset11_DenoiseAlpha.uexp" 126
"../../../Engine/Plugins/NNE/NNEDenoiser/Content/NNE_oidn2-3-0_rt_hdr_alb_nrm__dyn__fp16_opset11_ForwardAlpha.uasset" 127
"../../../Engine/Plugins/NNE/NNEDenoiser/Content/NNE_oidn2-3-0_rt_hdr_alb_nrm__dyn__fp16_opset11_ForwardAlpha.uexp" 128
"../../../Engine/Plugins/NNE/NNEDenoiser/Content/NNE_oidn2-3-0_rt_hdr_calb_cnrm_large__dyn__fp16_opset11_DenoiseAlpha.uasset" 129
"../../../Engine/Plugins/NNE/NNEDenoiser/Content/NNE_oidn2-3-0_rt_hdr_calb_cnrm_large__dyn__fp16_opset11_DenoiseAlpha.uexp" 130
"../../../Engine/Plugins/NNE/NNEDenoiser/Content/NNE_oidn2-3-0_rt_hdr_calb_cnrm_large__dyn__fp16_opset11_ForwardAlpha.uasset" 131
"../../../Engine/Plugins/NNE/NNEDenoiser/Content/NNE_oidn2-3-0_rt_hdr_calb_cnrm_large__dyn__fp16_opset11_ForwardAlpha.uexp" 132
"../../../Engine/Content/EditorLandscapeResources/DefaultAlphaTexture.uasset" 133
"../../../Engine/Content/EditorLandscapeResources/DefaultAlphaTexture.uexp" 134
"../../../Engine/Content/EditorLandscapeResources/LandscapeDirtyMaterial.uasset" 135
"../../../Engine/Content/EditorLandscapeResources/LandscapeDirtyMaterial.uexp" 136
"../../../Engine/Content/EngineMaterials/DefaultDiffuse.ubulk" 137
"../../../Engine/Content/EngineMaterials/DefaultDiffuse.uasset" 138
"../../../Engine/Content/EngineMaterials/DefaultDiffuse.uexp" 139
"../../../Engine/Content/Functions/Engine_MaterialFunctions01/Texturing/TextureCropping.uasset" 140
"../../../Engine/Content/Functions/Engine_MaterialFunctions01/Texturing/TextureCropping.uexp" 141
"../../../Engine/Content/Functions/Engine_MaterialFunctions02/ExampleContent/DebugNumberStrip.uasset" 142
"../../../Engine/Content/Functions/Engine_MaterialFunctions02/ExampleContent/DebugNumberStrip.uexp" 143
"../../../Engine/Content/Functions/Engine_MaterialFunctions01/Debug/DebugIntValues.uasset" 144
"../../../Engine/Content/Functions/Engine_MaterialFunctions01/Debug/DebugIntValues.uexp" 145
"../../../Engine/Content/Functions/Engine_MaterialFunctions02/Utility/BreakOutFloat2Components.uasset" 146
"../../../Engine/Content/Functions/Engine_MaterialFunctions02/Utility/BreakOutFloat2Components.uexp" 147
"../../../Engine/Content/Functions/Engine_MaterialFunctions01/Texturing/ScaleUVsByCenter.uasset" 148
"../../../Engine/Content/Functions/Engine_MaterialFunctions01/Texturing/ScaleUVsByCenter.uexp" 149
"../../../Engine/Content/Functions/Engine_MaterialFunctions02/WorldPositionOffset/LocalPosition.uasset" 150
"../../../Engine/Content/Functions/Engine_MaterialFunctions02/WorldPositionOffset/LocalPosition.uexp" 151
"../../../Engine/Content/EditorLandscapeResources/LandscapeLayerUsageMaterial.uasset" 152
"../../../Engine/Content/EditorLandscapeResources/LandscapeLayerUsageMaterial.uexp" 153
"../../../Engine/Content/EditorLandscapeResources/WhiteSquareTexture.uasset" 154
"../../../Engine/Content/EditorLandscapeResources/WhiteSquareTexture.uexp" 155
"../../../Engine/Content/EditorLandscapeResources/LayerVisMaterial.uasset" 156
"../../../Engine/Content/EditorLandscapeResources/LayerVisMaterial.uexp" 157
"../../../Engine/Content/Functions/Engine_MaterialFunctions02/Utility/MakeFloat3.uasset" 158
"../../../Engine/Content/Functions/Engine_MaterialFunctions02/Utility/MakeFloat3.uexp" 159
"../../../Engine/Content/Functions/Engine_MaterialFunctions03/Math/WithinRangeFloat2.uasset" 160
"../../../Engine/Content/Functions/Engine_MaterialFunctions03/Math/WithinRangeFloat2.uexp" 161
"../../../Engine/Content/EditorLandscapeResources/MaskBrushMaterial.uasset" 162
"../../../Engine/Content/EditorLandscapeResources/MaskBrushMaterial.uexp" 163
"../../../Engine/Content/EditorLandscapeResources/MaskBrushMaterial_MaskedRegion.uasset" 164
"../../../Engine/Content/EditorLandscapeResources/MaskBrushMaterial_MaskedRegion.uexp" 165
"../../../Engine/Content/EditorLandscapeResources/ColorMaskBrushMaterial.uasset" 166
"../../../Engine/Content/EditorLandscapeResources/ColorMaskBrushMaterial.uexp" 167
"../../../Engine/Content/EditorLandscapeResources/ColorMaskBrushMaterial_MaskedRegion.uasset" 168
"../../../Engine/Content/EditorLandscapeResources/ColorMaskBrushMaterial_MaskedRegion.uexp" 169
"../../../Engine/Content/EditorMaterials/PhAT_NoCollisionMaterial.uasset" 170
"../../../Engine/Content/EditorMaterials/PhAT_NoCollisionMaterial.uexp" 171
"../../../Engine/Content/EditorMaterials/PhAT_UnselectedMaterial.uasset" 172
"../../../Engine/Content/EditorMaterials/PhAT_UnselectedMaterial.uexp" 173
"../../../Engine/Content/EditorMaterials/PreviewShadowIndicator.ubulk" 174
"../../../Engine/Content/EditorMaterials/PreviewShadowIndicator.uasset" 175
"../../../Engine/Content/EditorMaterials/PreviewShadowIndicator.uexp" 176
"../../../Engine/Content/EditorMaterials/PreviewShadowIndicatorMaterial.uasset" 177
"../../../Engine/Content/EditorMaterials/PreviewShadowIndicatorMaterial.uexp" 178
"../../../Engine/Content/EditorLandscapeResources/SelectBrushMaterial.uasset" 179
"../../../Engine/Content/EditorLandscapeResources/SelectBrushMaterial.uexp" 180
"../../../Engine/Content/EditorLandscapeResources/SelectBrushMaterial_Selected.uasset" 181
"../../../Engine/Content/EditorLandscapeResources/SelectBrushMaterial_Selected.uexp" 182
"../../../Engine/Content/EditorLandscapeResources/SelectBrushMaterial_SelectedRegion.uasset" 183
"../../../Engine/Content/EditorLandscapeResources/SelectBrushMaterial_SelectedRegion.uexp" 184
"../../../Engine/Content/EditorLandscapeResources/SplineEditorMeshMat.uasset" 185
"../../../Engine/Content/EditorLandscapeResources/SplineEditorMeshMat.uexp" 186
"../../../Engine/Content/EditorLandscapeResources/SplineEditorMesh.ubulk" 187
"../../../Engine/Content/EditorLandscapeResources/SplineEditorMesh.uasset" 188
"../../../Engine/Content/EditorLandscapeResources/SplineEditorMesh.uexp" 189
"../../../Engine/Content/EditorResources/BSPVertex.uasset" 190
"../../../Engine/Content/EditorResources/BSPVertex.uexp" 191
"../../../Engine/Content/EditorResources/S_Actor.ubulk" 192
"../../../Engine/Content/EditorResources/S_Actor.uasset" 193
"../../../Engine/Content/EditorResources/S_Actor.uexp" 194
"../../../Engine/Content/EditorResources/S_BoxReflectionCapture.uasset" 195
"../../../Engine/Content/EditorResources/S_BoxReflectionCapture.uexp" 196
"../../../Engine/Content/EngineDamageTypes/DmgTypeBP_Environmental.uasset" 197
"../../../Engine/Content/EngineDamageTypes/DmgTypeBP_Environmental.uexp" 198
"../../../Engine/Content/EditorResources/S_Solver.ubulk" 199
"../../../Engine/Content/EditorResources/S_Solver.uasset" 200
"../../../Engine/Content/EditorResources/S_Solver.uexp" 201
"../../../Engine/Content/EditorResources/S_Terrain.ubulk" 202
"../../../Engine/Content/EditorResources/S_Terrain.uasset" 203
"../../../Engine/Content/EditorResources/S_Terrain.uexp" 204
"../../../Engine/Content/EngineDebugMaterials/DebugEditorMaterial.uasset" 205
"../../../Engine/Content/EngineDebugMaterials/DebugEditorMaterial.uexp" 206
"../../../Engine/Content/EngineDebugMaterials/DebugMeshMaterial.uasset" 207
"../../../Engine/Content/EngineDebugMaterials/DebugMeshMaterial.uexp" 208
"../../../Engine/Content/EditorResources/S_Trigger.ubulk" 209
"../../../Engine/Content/EditorResources/S_Trigger.uasset" 210
"../../../Engine/Content/EditorResources/S_Trigger.uexp" 211
"../../../Engine/Content/EditorResources/S_TriggerBox.uasset" 212
"../../../Engine/Content/EditorResources/S_TriggerBox.uexp" 213
"../../../Engine/Content/EditorResources/S_TriggerCapsule.uasset" 214
"../../../Engine/Content/EditorResources/S_TriggerCapsule.uexp" 215
"../../../Engine/Content/EditorResources/S_TriggerSphere.uasset" 216
"../../../Engine/Content/EditorResources/S_TriggerSphere.uexp" 217
"../../../Engine/Content/EngineDebugMaterials/M_SimpleUnlitTranslucent.uasset" 218
"../../../Engine/Content/EngineDebugMaterials/M_SimpleUnlitTranslucent.uexp" 219
"../../../Engine/Content/Functions/Engine_MaterialFunctions02/Utility/CameraDirectionVector.uasset" 220
"../../../Engine/Content/Functions/Engine_MaterialFunctions02/Utility/CameraDirectionVector.uexp" 221
"../../../Engine/Content/EngineDebugMaterials/VolumeToRender.uasset" 222
"../../../Engine/Content/EngineDebugMaterials/VolumeToRender.uexp" 223
"../../../Engine/Content/EngineDebugMaterials/M_VolumeRenderSphereTracePP.uasset" 224
"../../../Engine/Content/EngineDebugMaterials/M_VolumeRenderSphereTracePP.uexp" 225
"../../../Engine/Content/EngineMaterials/MiniFont.uasset" 226
"../../../Engine/Content/EngineMaterials/MiniFont.uexp" 227
"../../../Engine/Content/EngineMaterials/InvalidLightmapSettings.ubulk" 228
"../../../Engine/Content/EngineMaterials/InvalidLightmapSettings.uasset" 229
"../../../Engine/Content/EngineMaterials/InvalidLightmapSettings.uexp" 230
"../../../Engine/Content/EngineMaterials/M_InvalidLightmapSettings.uasset" 231
"../../../Engine/Content/EngineMaterials/M_InvalidLightmapSettings.uexp" 232
"../../../Engine/Content/EngineMaterials/NaniteHiddenSectionMaterial.uasset" 233
"../../../Engine/Content/EngineMaterials/NaniteHiddenSectionMaterial.uexp" 234
"../../../Engine/Content/EngineMaterials/PhAT_JointLimitMaterial.uasset" 235
"../../../Engine/Content/EngineMaterials/PhAT_JointLimitMaterial.uexp" 236
"../../../Engine/Content/EngineMaterials/DefaultCalibrationColor.uasset" 237
"../../../Engine/Content/EngineMaterials/DefaultCalibrationColor.uexp" 238
"../../../Engine/Content/EngineMaterials/PPM_DefaultCalibrationColor.uasset" 239
"../../../Engine/Content/EngineMaterials/PPM_DefaultCalibrationColor.uexp" 240
"../../../Engine/Content/EngineMaterials/DefaultBloomKernel.uasset" 241
"../../../Engine/Content/EngineMaterials/DefaultBloomKernel.uexp" 242
"../../../Engine/Content/EngineMaterials/DefaultCalibrationGrayscale.uasset" 243
"../../../Engine/Content/EngineMaterials/DefaultCalibrationGrayscale.uexp" 244
"../../../Engine/Content/EngineMaterials/PPM_DefaultCalibrationGrayscale.uasset" 245
"../../../Engine/Content/EngineMaterials/PPM_DefaultCalibrationGrayscale.uexp" 246
"../../../Engine/Content/EngineMaterials/DefaultBokeh.uasset" 247
"../../../Engine/Content/EngineMaterials/DefaultBokeh.uexp" 248
"../../../Engine/Content/EngineMaterials/PreintegratedSkinBRDF.uasset" 249
"../../../Engine/Content/EngineMaterials/PreintegratedSkinBRDF.uexp" 250
"../../../Engine/Content/EngineMaterials/RemoveSurfaceMaterial.uasset" 251
"../../../Engine/Content/EngineMaterials/RemoveSurfaceMaterial.uexp" 252
"../../../Engine/Content/EngineMaterials/DefaultDeferredDecalMaterial.uasset" 253
"../../../Engine/Content/EngineMaterials/DefaultDeferredDecalMaterial.uexp" 254
"../../../Engine/Content/EngineMaterials/SMAAAreaTex.uasset" 255
"../../../Engine/Content/EngineMaterials/SMAAAreaTex.uexp" 256
"../../../Engine/Content/EngineMaterials/SMAASearchTex.uasset" 257
"../../../Engine/Content/EngineMaterials/SMAASearchTex.uexp" 258
"../../../Engine/Content/EngineMaterials/DefaultLightFunctionMaterial.uasset" 259
"../../../Engine/Content/EngineMaterials/DefaultLightFunctionMaterial.uexp" 260
"../../../Engine/Content/EngineMaterials/DefaultPostProcessMaterial.uasset" 261
"../../../Engine/Content/EngineMaterials/DefaultPostProcessMaterial.uexp" 262
"../../../Engine/Content/EngineFonts/RobotoDistanceField.uasset" 263
"../../../Engine/Content/EngineFonts/RobotoDistanceField.uexp" 264
"../../../Engine/Content/EngineMaterials/DefaultTextMaterialOpaque.uasset" 265
"../../../Engine/Content/EngineMaterials/DefaultTextMaterialOpaque.uexp" 266
"../../../Engine/Content/EngineMaterials/DefaultWhiteGrid.ubulk" 267
"../../../Engine/Content/EngineMaterials/DefaultWhiteGrid.uasset" 268
"../../../Engine/Content/EngineMaterials/DefaultWhiteGrid.uexp" 269
"../../../Engine/Content/EngineMeshes/Sphere.ubulk" 270
"../../../Engine/Content/EngineMeshes/Sphere.uasset" 271
"../../../Engine/Content/EngineMeshes/Sphere.uexp" 272
"../../../Engine/Content/EngineMaterials/DefaultWhiteGrid_Low.uasset" 273
"../../../Engine/Content/EngineMaterials/DefaultWhiteGrid_Low.uexp" 274
"../../../Engine/Content/EngineMaterials/EmissiveMeshMaterial.uasset" 275
"../../../Engine/Content/EngineMaterials/EmissiveMeshMaterial.uexp" 276
"../../../Engine/Content/EngineMaterials/WeightMapPlaceholderTexture.uasset" 277
"../../../Engine/Content/EngineMaterials/WeightMapPlaceholderTexture.uexp" 278
"../../../Engine/Content/EngineMaterials/WeightMapArrayPlaceholderTexture.uasset" 279
"../../../Engine/Content/EngineMaterials/WeightMapArrayPlaceholderTexture.uexp" 280
"../../../Engine/Content/EngineMaterials/FastBlueNoise_scalar_128x128x64.uasset" 281
"../../../Engine/Content/EngineMaterials/FastBlueNoise_scalar_128x128x64.uexp" 282
"../../../Engine/Content/EngineResources/WhiteSquareTexture.uasset" 283
"../../../Engine/Content/EngineResources/WhiteSquareTexture.uexp" 284
"../../../Engine/Content/EngineMaterials/Widget3DPassThrough.uasset" 285
"../../../Engine/Content/EngineMaterials/Widget3DPassThrough.uexp" 286
"../../../Engine/Content/EngineMaterials/Widget3DPassThrough_Masked.uasset" 287
"../../../Engine/Content/EngineMaterials/Widget3DPassThrough_Masked.uexp" 288
"../../../Engine/Content/EngineMaterials/Widget3DPassThrough_Opaque.uasset" 289
"../../../Engine/Content/EngineMaterials/Widget3DPassThrough_Opaque.uexp" 290
"../../../Engine/Content/EngineMaterials/Widget3DPassThrough_Masked_OneSided.uasset" 291
"../../../Engine/Content/EngineMaterials/Widget3DPassThrough_Masked_OneSided.uexp" 292
"../../../Engine/Content/EngineMaterials/Widget3DPassThrough_Opaque_OneSided.uasset" 293
"../../../Engine/Content/EngineMaterials/Widget3DPassThrough_Opaque_OneSided.uexp" 294
"../../../Engine/Content/EngineMaterials/FastBlueNoise_scalar_128x128x8.uasset" 295
"../../../Engine/Content/EngineMaterials/FastBlueNoise_scalar_128x128x8.uexp" 296
"../../../Engine/Content/EngineMaterials/Widget3DPassThrough_Translucent.uasset" 297
"../../../Engine/Content/EngineMaterials/Widget3DPassThrough_Translucent.uexp" 298
"../../../Engine/Content/EngineMaterials/Widget3DPassThrough_Translucent_OneSided.uasset" 299
"../../../Engine/Content/EngineMaterials/Widget3DPassThrough_Translucent_OneSided.uexp" 300
"../../../Engine/Content/EngineMaterials/FastBlueNoise_vec2_128x128x64.uasset" 301
"../../../Engine/Content/EngineMaterials/FastBlueNoise_vec2_128x128x64.uexp" 302
"../../../Engine/Content/EngineResources/Black.uasset" 303
"../../../Engine/Content/EngineResources/Black.uexp" 304
"../../../Engine/Content/EngineMaterials/BaseFlattenDiffuseMap.uasset" 305
"../../../Engine/Content/EngineMaterials/BaseFlattenDiffuseMap.uexp" 306
"../../../Engine/Content/EngineMaterials/BaseFlattenEmissiveMap.uasset" 307
"../../../Engine/Content/EngineMaterials/BaseFlattenEmissiveMap.uexp" 308
"../../../Engine/Content/EngineMaterials/BaseFlattenGrayscaleMap.uasset" 309
"../../../Engine/Content/EngineMaterials/BaseFlattenGrayscaleMap.uexp" 310
"../../../Engine/Content/EngineMaterials/BaseFlattenLinearColor.uasset" 311
"../../../Engine/Content/EngineMaterials/BaseFlattenLinearColor.uexp" 312
"../../../Engine/Content/EngineMaterials/BaseFlattenNormalMap.uasset" 313
"../../../Engine/Content/EngineMaterials/BaseFlattenNormalMap.uexp" 314
"../../../Engine/Content/Functions/Engine_MaterialFunctions02/PivotPainter2/Black_1x1_EXR_Texture.uasset" 315
"../../../Engine/Content/Functions/Engine_MaterialFunctions02/PivotPainter2/Black_1x1_EXR_Texture.uexp" 316
"../../../Engine/Content/EngineMaterials/FlattenMaterial.uasset" 317
"../../../Engine/Content/EngineMaterials/FlattenMaterial.uexp" 318
"../../../Engine/Content/EngineMaterials/BaseFlattenDiffuseMap_VT.ubulk" 319
"../../../Engine/Content/EngineMaterials/BaseFlattenDiffuseMap_VT.uasset" 320
"../../../Engine/Content/EngineMaterials/BaseFlattenDiffuseMap_VT.uexp" 321
"../../../Engine/Content/EngineMaterials/BaseFlattenEmissiveMap_VT.ubulk" 322
"../../../Engine/Content/EngineMaterials/BaseFlattenEmissiveMap_VT.uasset" 323
"../../../Engine/Content/EngineMaterials/BaseFlattenEmissiveMap_VT.uexp" 324
"../../../Engine/Content/EngineMaterials/BaseFlattenGrayscaleMap_VT.ubulk" 325
"../../../Engine/Content/EngineMaterials/BaseFlattenGrayscaleMap_VT.uasset" 326
"../../../Engine/Content/EngineMaterials/BaseFlattenGrayscaleMap_VT.uexp" 327
"../../../Engine/Content/EngineMaterials/BaseFlattenLinearColor_VT.ubulk" 328
"../../../Engine/Content/EngineMaterials/BaseFlattenLinearColor_VT.uasset" 329
"../../../Engine/Content/EngineMaterials/BaseFlattenLinearColor_VT.uexp" 330
"../../../Engine/Content/EngineMaterials/BaseFlattenNormalMap_VT.ubulk" 331
"../../../Engine/Content/EngineMaterials/BaseFlattenNormalMap_VT.uasset" 332
"../../../Engine/Content/EngineMaterials/BaseFlattenNormalMap_VT.uexp" 333
"../../../Engine/Content/EngineMaterials/Black_1x1_EXR_Texture_VT.ubulk" 334
"../../../Engine/Content/EngineMaterials/Black_1x1_EXR_Texture_VT.uasset" 335
"../../../Engine/Content/EngineMaterials/Black_1x1_EXR_Texture_VT.uexp" 336
"../../../Engine/Content/EngineMaterials/FlattenMaterial_VT.uasset" 337
"../../../Engine/Content/EngineMaterials/FlattenMaterial_VT.uexp" 338
"../../../Engine/Content/EngineMaterials/FlattenMaterial_WS_Normal_VT.uasset" 339
"../../../Engine/Content/EngineMaterials/FlattenMaterial_WS_Normal_VT.uexp" 340
"../../../Engine/Content/EngineResources/DefaultTexture.ubulk" 341
"../../../Engine/Content/EngineResources/DefaultTexture.uasset" 342
"../../../Engine/Content/EngineResources/DefaultTexture.uexp" 343
"../../../Engine/Content/EngineResources/DefaultTextureCube.uasset" 344
"../../../Engine/Content/EngineResources/DefaultTextureCube.uexp" 345
"../../../Engine/Content/EngineMaterials/GizmoMaterial.uasset" 346
"../../../Engine/Content/EngineMaterials/GizmoMaterial.uexp" 347
"../../../Engine/Content/EngineResources/DefaultVolumeTexture2D.uasset" 348
"../../../Engine/Content/EngineResources/DefaultVolumeTexture2D.uexp" 349
"../../../Engine/Content/EngineResources/DefaultVolumeTexture.uasset" 350
"../../../Engine/Content/EngineResources/DefaultVolumeTexture.uexp" 351
"../../../Engine/Content/EngineResources/GradientTexture0.uasset" 352
"../../../Engine/Content/EngineResources/GradientTexture0.uexp" 353
"../../../Engine/Content/Functions/Engine_MaterialFunctions02/Utility/BreakOutFloat3Components.uasset" 354
"../../../Engine/Content/Functions/Engine_MaterialFunctions02/Utility/BreakOutFloat3Components.uexp" 355
"../../../Engine/Content/Functions/Engine_MaterialFunctions02/Math/Transform3x3Matrix.uasset" 356
"../../../Engine/Content/Functions/Engine_MaterialFunctions02/Math/Transform3x3Matrix.uexp" 357
"../../../Engine/Content/Functions/Engine_MaterialFunctions02/SplitComponents.uasset" 358
"../../../Engine/Content/Functions/Engine_MaterialFunctions02/SplitComponents.uexp" 359
"../../../Engine/Content/VREditor/SnapGrid/SnapGridMaterial.uasset" 360
"../../../Engine/Content/VREditor/SnapGrid/SnapGridMaterial.uexp" 361
"../../../Engine/Content/VREditor/SnapGrid/SnapGridPlaneMesh.ubulk" 362
"../../../Engine/Content/VREditor/SnapGrid/SnapGridPlaneMesh.uasset" 363
"../../../Engine/Content/VREditor/SnapGrid/SnapGridPlaneMesh.uexp" 364
"../../../Engine/Content/VREditor/LaserPointer/VR_LaserPower_01.ubulk" 365
"../../../Engine/Content/VREditor/LaserPointer/VR_LaserPower_01.uasset" 366
"../../../Engine/Content/VREditor/LaserPointer/VR_LaserPower_01.uexp" 367
"../../../Engine/Content/VREditor/TransformGizmo/TransformGizmoMaterial.uasset" 368
"../../../Engine/Content/VREditor/TransformGizmo/TransformGizmoMaterial.uexp" 369
"../../../Engine/Content/VREditor/TransformGizmo/TranslucentTransformGizmoMaterial.uasset" 370
"../../../Engine/Content/VREditor/TransformGizmo/TranslucentTransformGizmoMaterial.uexp" 371
"../../../Engine/Content/VREditor/TransformGizmo/PlaneTranslationHandle.ubulk" 372
"../../../Engine/Content/VREditor/TransformGizmo/PlaneTranslationHandle.uasset" 373
"../../../Engine/Content/VREditor/TransformGizmo/PlaneTranslationHandle.uexp" 374
"../../../Engine/Content/VREditor/TransformGizmo/RotationHandleFull.ubulk" 375
"../../../Engine/Content/VREditor/TransformGizmo/RotationHandleFull.uasset" 376
"../../../Engine/Content/VREditor/TransformGizmo/RotationHandleFull.uexp" 377
"../../../Engine/Content/VREditor/TransformGizmo/RotationHandleIndicator.ubulk" 378
"../../../Engine/Content/VREditor/TransformGizmo/RotationHandleIndicator.uasset" 379
"../../../Engine/Content/VREditor/TransformGizmo/RotationHandleIndicator.uexp" 380
"../../../Engine/Content/VREditor/TransformGizmo/RotationHandleQuarter.ubulk" 381
"../../../Engine/Content/VREditor/TransformGizmo/RotationHandleQuarter.uasset" 382
"../../../Engine/Content/VREditor/TransformGizmo/RotationHandleQuarter.uexp" 383
"../../../Engine/Content/VREditor/TransformGizmo/StartRotationHandleIndicator.ubulk" 384
"../../../Engine/Content/VREditor/TransformGizmo/StartRotationHandleIndicator.uasset" 385
"../../../Engine/Content/VREditor/TransformGizmo/StartRotationHandleIndicator.uexp" 386
"../../../Engine/Content/VREditor/TransformGizmo/TranslucentTransformGizmoMaterial_Inst.uasset" 387
"../../../Engine/Content/VREditor/TransformGizmo/TranslucentTransformGizmoMaterial_Inst.uexp" 388
"../../../Engine/Content/VREditor/TransformGizmo/TransformGizmoFreeRotation.ubulk" 389
"../../../Engine/Content/VREditor/TransformGizmo/TransformGizmoFreeRotation.uasset" 390
"../../../Engine/Content/VREditor/TransformGizmo/TransformGizmoFreeRotation.uexp" 391
"../../../Engine/Content/VREditor/TransformGizmo/TransformGizmoMaterial_Inst.uasset" 392
"../../../Engine/Content/VREditor/TransformGizmo/TransformGizmoMaterial_Inst.uexp" 393
"../../../Engine/Content/VREditor/TransformGizmo/TranslateArrowHandle.ubulk" 394
"../../../Engine/Content/VREditor/TransformGizmo/TranslateArrowHandle.uasset" 395
"../../../Engine/Content/VREditor/TransformGizmo/TranslateArrowHandle.uexp" 396
"../../../Engine/Content/VREditor/TransformGizmo/UniformScaleHandle.ubulk" 397
"../../../Engine/Content/VREditor/TransformGizmo/UniformScaleHandle.uasset" 398
"../../../Engine/Content/VREditor/TransformGizmo/UniformScaleHandle.uexp" 399
"../../../Engine/Content/VREditor/Sounds/UI/Drop_Item_From_ContentBrowser.ubulk" 400
"../../../Engine/Content/VREditor/Sounds/UI/Drop_Item_From_ContentBrowser.uasset" 401
"../../../Engine/Content/VREditor/Sounds/UI/Drop_Item_From_ContentBrowser.uexp" 402
"../../../Engine/Content/VREditor/Sounds/UI/Gizmo_Handle_Clicked.ubulk" 403
"../../../Engine/Content/VREditor/Sounds/UI/Gizmo_Handle_Clicked.uasset" 404
"../../../Engine/Content/VREditor/Sounds/UI/Gizmo_Handle_Clicked.uexp" 405
"../../../Engine/Content/VREditor/Sounds/UI/Object_PickUp.ubulk" 406
"../../../Engine/Content/VREditor/Sounds/UI/Object_PickUp.uasset" 407
"../../../Engine/Content/VREditor/Sounds/UI/Object_PickUp.uexp" 408
"../../../Engine/Content/VREditor/Sounds/UI/Object_Snaps_To_Another_Actor.ubulk" 409
"../../../Engine/Content/VREditor/Sounds/UI/Object_Snaps_To_Another_Actor.uasset" 410
"../../../Engine/Content/VREditor/Sounds/UI/Object_Snaps_To_Another_Actor.uexp" 411
"../../../Engine/Content/VREditor/Sounds/UI/Object_Snaps_To_Grid.ubulk" 412
"../../../Engine/Content/VREditor/Sounds/UI/Object_Snaps_To_Grid.uasset" 413
"../../../Engine/Content/VREditor/Sounds/UI/Object_Snaps_To_Grid.uexp" 414
"../../../Engine/Content/VREditor/Sounds/UI/Scaling_Down.ubulk" 415
"../../../Engine/Content/VREditor/Sounds/UI/Scaling_Down.uasset" 416
"../../../Engine/Content/VREditor/Sounds/UI/Scaling_Down.uexp" 417
"../../../Engine/Content/VREditor/Sounds/UI/Scaling_Up.ubulk" 418
"../../../Engine/Content/VREditor/Sounds/UI/Scaling_Up.uasset" 419
"../../../Engine/Content/VREditor/Sounds/UI/Scaling_Up.uexp" 420
"../../../Engine/Content/VREditor/Sounds/UI/Selection_Changes.ubulk" 421
"../../../Engine/Content/VREditor/Sounds/UI/Selection_Changes.uasset" 422
"../../../Engine/Content/VREditor/Sounds/UI/Selection_Changes.uexp" 423
"../../../Engine/Content/EngineResources/LandscapeVisibilityLayerInfo.uasset" 424
"../../../Engine/Content/EngineResources/LandscapeVisibilityLayerInfo.uexp" 425
"../../../Engine/Plugins/Animation/ControlRig/Content/Controls/ControlRigGizmoMaterial.uasset" 426
"../../../Engine/Plugins/Animation/ControlRig/Content/Controls/ControlRigGizmoMaterial.uexp" 427
"../../../Engine/Plugins/Animation/ControlRig/Content/Controls/ControlRigXRayMaterial.uasset" 428
"../../../Engine/Plugins/Animation/ControlRig/Content/Controls/ControlRigXRayMaterial.uexp" 429
"../../../Engine/Plugins/Animation/ControlRig/Content/Controls/ControlRig_Arrow2_1mm.ubulk" 430
"../../../Engine/Plugins/Animation/ControlRig/Content/Controls/ControlRig_Arrow2_1mm.uasset" 431
"../../../Engine/Plugins/Animation/ControlRig/Content/Controls/ControlRig_Arrow2_1mm.uexp" 432
"../../../Engine/Plugins/Animation/ControlRig/Content/Controls/ControlRig_Arrow2_3mm.ubulk" 433
"../../../Engine/Plugins/Animation/ControlRig/Content/Controls/ControlRig_Arrow2_3mm.uasset" 434
"../../../Engine/Plugins/Animation/ControlRig/Content/Controls/ControlRig_Arrow2_3mm.uexp" 435
"../../../Engine/Plugins/Animation/ControlRig/Content/Controls/ControlRig_Arrow2_solid.ubulk" 436
"../../../Engine/Plugins/Animation/ControlRig/Content/Controls/ControlRig_Arrow2_solid.uasset" 437
"../../../Engine/Plugins/Animation/ControlRig/Content/Controls/ControlRig_Arrow2_solid.uexp" 438
"../../../Engine/Plugins/Animation/ControlRig/Content/Controls/ControlRig_Arrow4_1mm.ubulk" 439
"../../../Engine/Plugins/Animation/ControlRig/Content/Controls/ControlRig_Arrow4_1mm.uasset" 440
"../../../Engine/Plugins/Animation/ControlRig/Content/Controls/ControlRig_Arrow4_1mm.uexp" 441
"../../../Engine/Plugins/Animation/ControlRig/Content/Controls/ControlRig_Arrow4_3mm.ubulk" 442
"../../../Engine/Plugins/Animation/ControlRig/Content/Controls/ControlRig_Arrow4_3mm.uasset" 443
"../../../Engine/Plugins/Animation/ControlRig/Content/Controls/ControlRig_Arrow4_3mm.uexp" 444
"../../../Engine/Plugins/Animation/ControlRig/Content/Controls/ControlRig_Arrow4_solid.ubulk" 445
"../../../Engine/Plugins/Animation/ControlRig/Content/Controls/ControlRig_Arrow4_solid.uasset" 446
"../../../Engine/Plugins/Animation/ControlRig/Content/Controls/ControlRig_Arrow4_solid.uexp" 447
"../../../Engine/Plugins/Animation/ControlRig/Content/Controls/ControlRig_Arrow_1mm.ubulk" 448
"../../../Engine/Plugins/Animation/ControlRig/Content/Controls/ControlRig_Arrow_1mm.uasset" 449
"../../../Engine/Plugins/Animation/ControlRig/Content/Controls/ControlRig_Arrow_1mm.uexp" 450
"../../../Engine/Plugins/Animation/ControlRig/Content/Controls/ControlRig_Arrow_3mm.ubulk" 451
"../../../Engine/Plugins/Animation/ControlRig/Content/Controls/ControlRig_Arrow_3mm.uasset" 452
"../../../Engine/Plugins/Animation/ControlRig/Content/Controls/ControlRig_Arrow_3mm.uexp" 453
"../../../Engine/Plugins/Animation/ControlRig/Content/Controls/ControlRig_Arrow_solid.ubulk" 454
"../../../Engine/Plugins/Animation/ControlRig/Content/Controls/ControlRig_Arrow_solid.uasset" 455
"../../../Engine/Plugins/Animation/ControlRig/Content/Controls/ControlRig_Arrow_solid.uexp" 456
"../../../Engine/Plugins/Animation/ControlRig/Content/Controls/ControlRig_Box_1mm.ubulk" 457
"../../../Engine/Plugins/Animation/ControlRig/Content/Controls/ControlRig_Box_1mm.uasset" 458
"../../../Engine/Plugins/Animation/ControlRig/Content/Controls/ControlRig_Box_1mm.uexp" 459
"../../../Engine/Plugins/Animation/ControlRig/Content/Controls/ControlRig_Box_3mm.ubulk" 460
"../../../Engine/Plugins/Animation/ControlRig/Content/Controls/ControlRig_Box_3mm.uasset" 461
"../../../Engine/Plugins/Animation/ControlRig/Content/Controls/ControlRig_Box_3mm.uexp" 462
"../../../Engine/Plugins/Animation/ControlRig/Content/Controls/ControlRig_Box_solid.ubulk" 463
"../../../Engine/Plugins/Animation/ControlRig/Content/Controls/ControlRig_Box_solid.uasset" 464
"../../../Engine/Plugins/Animation/ControlRig/Content/Controls/ControlRig_Box_solid.uexp" 465
"../../../Engine/Plugins/Animation/ControlRig/Content/Controls/ControlRig_Sphere_1mm.ubulk" 466
"../../../Engine/Plugins/Animation/ControlRig/Content/Controls/ControlRig_Sphere_1mm.uasset" 467
"../../../Engine/Plugins/Animation/ControlRig/Content/Controls/ControlRig_Sphere_1mm.uexp" 468
"../../../Engine/Plugins/Animation/ControlRig/Content/Controls/ControlRig_Circle_1mm.ubulk" 469
"../../../Engine/Plugins/Animation/ControlRig/Content/Controls/ControlRig_Circle_1mm.uasset" 470
"../../../Engine/Plugins/Animation/ControlRig/Content/Controls/ControlRig_Circle_1mm.uexp" 471
"../../../Engine/Plugins/Animation/ControlRig/Content/Controls/ControlRig_Circle_3mm.ubulk" 472
"../../../Engine/Plugins/Animation/ControlRig/Content/Controls/ControlRig_Circle_3mm.uasset" 473
"../../../Engine/Plugins/Animation/ControlRig/Content/Controls/ControlRig_Circle_3mm.uexp" 474
"../../../Engine/Plugins/Animation/ControlRig/Content/Controls/ControlRig_Sphere_3mm.ubulk" 475
"../../../Engine/Plugins/Animation/ControlRig/Content/Controls/ControlRig_Sphere_3mm.uasset" 476
"../../../Engine/Plugins/Animation/ControlRig/Content/Controls/ControlRig_Sphere_3mm.uexp" 477
"../../../Engine/Plugins/Animation/ControlRig/Content/Controls/ControlRig_Sphere_solid.ubulk" 478
"../../../Engine/Plugins/Animation/ControlRig/Content/Controls/ControlRig_Sphere_solid.uasset" 479
"../../../Engine/Plugins/Animation/ControlRig/Content/Controls/ControlRig_Sphere_solid.uexp" 480
"../../../Engine/Plugins/Animation/ControlRig/Content/Controls/ControlRig_Circle_solid.ubulk" 481
"../../../Engine/Plugins/Animation/ControlRig/Content/Controls/ControlRig_Circle_solid.uasset" 482
"../../../Engine/Plugins/Animation/ControlRig/Content/Controls/ControlRig_Circle_solid.uexp" 483
"../../../Engine/Plugins/Animation/ControlRig/Content/Controls/ControlRig_Square_1mm.ubulk" 484
"../../../Engine/Plugins/Animation/ControlRig/Content/Controls/ControlRig_Square_1mm.uasset" 485
"../../../Engine/Plugins/Animation/ControlRig/Content/Controls/ControlRig_Square_1mm.uexp" 486
"../../../Engine/Plugins/Animation/ControlRig/Content/Controls/ControlRig_Diamond_1mm.ubulk" 487
"../../../Engine/Plugins/Animation/ControlRig/Content/Controls/ControlRig_Diamond_1mm.uasset" 488
"../../../Engine/Plugins/Animation/ControlRig/Content/Controls/ControlRig_Diamond_1mm.uexp" 489
"../../../Engine/Plugins/Animation/ControlRig/Content/Controls/ControlRig_Square_3mm.ubulk" 490
"../../../Engine/Plugins/Animation/ControlRig/Content/Controls/ControlRig_Square_3mm.uasset" 491
"../../../Engine/Plugins/Animation/ControlRig/Content/Controls/ControlRig_Square_3mm.uexp" 492
"../../../Engine/Plugins/Animation/ControlRig/Content/Controls/ControlRig_Diamond_3mm.ubulk" 493
"../../../Engine/Plugins/Animation/ControlRig/Content/Controls/ControlRig_Diamond_3mm.uasset" 494
"../../../Engine/Plugins/Animation/ControlRig/Content/Controls/ControlRig_Diamond_3mm.uexp" 495
"../../../Engine/Plugins/Animation/ControlRig/Content/Controls/ControlRig_Diamond_solid.ubulk" 496
"../../../Engine/Plugins/Animation/ControlRig/Content/Controls/ControlRig_Diamond_solid.uasset" 497
"../../../Engine/Plugins/Animation/ControlRig/Content/Controls/ControlRig_Diamond_solid.uexp" 498
"../../../Engine/Plugins/Animation/ControlRig/Content/Controls/ControlRig_HalfCircle_1mm.ubulk" 499
"../../../Engine/Plugins/Animation/ControlRig/Content/Controls/ControlRig_HalfCircle_1mm.uasset" 500
"../../../Engine/Plugins/Animation/ControlRig/Content/Controls/ControlRig_HalfCircle_1mm.uexp" 501
"../../../Engine/Plugins/Animation/ControlRig/Content/Controls/ControlRig_Square_solid.ubulk" 502
"../../../Engine/Plugins/Animation/ControlRig/Content/Controls/ControlRig_Square_solid.uasset" 503
"../../../Engine/Plugins/Animation/ControlRig/Content/Controls/ControlRig_Square_solid.uexp" 504
"../../../Engine/Plugins/Animation/ControlRig/Content/Controls/ControlRig_HalfCircle_3mm.ubulk" 505
"../../../Engine/Plugins/Animation/ControlRig/Content/Controls/ControlRig_HalfCircle_3mm.uasset" 506
"../../../Engine/Plugins/Animation/ControlRig/Content/Controls/ControlRig_HalfCircle_3mm.uexp" 507
"../../../Engine/Plugins/Animation/ControlRig/Content/Controls/ControlRig_Star4_1mm.ubulk" 508
"../../../Engine/Plugins/Animation/ControlRig/Content/Controls/ControlRig_Star4_1mm.uasset" 509
"../../../Engine/Plugins/Animation/ControlRig/Content/Controls/ControlRig_Star4_1mm.uexp" 510
"../../../Engine/Plugins/Animation/ControlRig/Content/Controls/ControlRig_HalfCircle_solid.ubulk" 511
"../../../Engine/Plugins/Animation/ControlRig/Content/Controls/ControlRig_HalfCircle_solid.uasset" 512
"../../../Engine/Plugins/Animation/ControlRig/Content/Controls/ControlRig_HalfCircle_solid.uexp" 513
"../../../Engine/Plugins/Animation/ControlRig/Content/Controls/ControlRig_Star4_3mm.ubulk" 514
"../../../Engine/Plugins/Animation/ControlRig/Content/Controls/ControlRig_Star4_3mm.uasset" 515
"../../../Engine/Plugins/Animation/ControlRig/Content/Controls/ControlRig_Star4_3mm.uexp" 516
"../../../Engine/Plugins/Animation/ControlRig/Content/Controls/ControlRig_Star4_solid.ubulk" 517
"../../../Engine/Plugins/Animation/ControlRig/Content/Controls/ControlRig_Star4_solid.uasset" 518
"../../../Engine/Plugins/Animation/ControlRig/Content/Controls/ControlRig_Star4_solid.uexp" 519
"../../../Engine/Plugins/Animation/ControlRig/Content/Controls/ControlRig_Hexagon_1mm.ubulk" 520
"../../../Engine/Plugins/Animation/ControlRig/Content/Controls/ControlRig_Hexagon_1mm.uasset" 521
"../../../Engine/Plugins/Animation/ControlRig/Content/Controls/ControlRig_Hexagon_1mm.uexp" 522
"../../../Engine/Plugins/Animation/ControlRig/Content/Controls/ControlRig_Hexagon_3mm.ubulk" 523
"../../../Engine/Plugins/Animation/ControlRig/Content/Controls/ControlRig_Hexagon_3mm.uasset" 524
"../../../Engine/Plugins/Animation/ControlRig/Content/Controls/ControlRig_Hexagon_3mm.uexp" 525
"../../../Engine/Plugins/Animation/ControlRig/Content/Controls/ControlRig_Triangle_1mm.ubulk" 526
"../../../Engine/Plugins/Animation/ControlRig/Content/Controls/ControlRig_Triangle_1mm.uasset" 527
"../../../Engine/Plugins/Animation/ControlRig/Content/Controls/ControlRig_Triangle_1mm.uexp" 528
"../../../Engine/Plugins/Animation/ControlRig/Content/Controls/ControlRig_Hexagon_solid.ubulk" 529
"../../../Engine/Plugins/Animation/ControlRig/Content/Controls/ControlRig_Hexagon_solid.uasset" 530
"../../../Engine/Plugins/Animation/ControlRig/Content/Controls/ControlRig_Hexagon_solid.uexp" 531
"../../../Engine/Plugins/Animation/ControlRig/Content/Controls/ControlRig_Triangle_3mm.ubulk" 532
"../../../Engine/Plugins/Animation/ControlRig/Content/Controls/ControlRig_Triangle_3mm.uasset" 533
"../../../Engine/Plugins/Animation/ControlRig/Content/Controls/ControlRig_Triangle_3mm.uexp" 534
"../../../Engine/Plugins/Animation/ControlRig/Content/Controls/ControlRig_Triangle_solid.ubulk" 535
"../../../Engine/Plugins/Animation/ControlRig/Content/Controls/ControlRig_Triangle_solid.uasset" 536
"../../../Engine/Plugins/Animation/ControlRig/Content/Controls/ControlRig_Triangle_solid.uexp" 537
"../../../Engine/Plugins/Animation/ControlRig/Content/Controls/ControlRig_Octagon_1mm.ubulk" 538
"../../../Engine/Plugins/Animation/ControlRig/Content/Controls/ControlRig_Octagon_1mm.uasset" 539
"../../../Engine/Plugins/Animation/ControlRig/Content/Controls/ControlRig_Octagon_1mm.uexp" 540
"../../../Engine/Plugins/Animation/ControlRig/Content/Controls/ControlRig_Wedge_1mm.ubulk" 541
"../../../Engine/Plugins/Animation/ControlRig/Content/Controls/ControlRig_Wedge_1mm.uasset" 542
"../../../Engine/Plugins/Animation/ControlRig/Content/Controls/ControlRig_Wedge_1mm.uexp" 543
"../../../Engine/Plugins/Animation/ControlRig/Content/Controls/ControlRig_Wedge_3mm.ubulk" 544
"../../../Engine/Plugins/Animation/ControlRig/Content/Controls/ControlRig_Wedge_3mm.uasset" 545
"../../../Engine/Plugins/Animation/ControlRig/Content/Controls/ControlRig_Wedge_3mm.uexp" 546
"../../../Engine/Plugins/Animation/ControlRig/Content/Controls/ControlRig_Octagon_3mm.ubulk" 547
"../../../Engine/Plugins/Animation/ControlRig/Content/Controls/ControlRig_Octagon_3mm.uasset" 548
"../../../Engine/Plugins/Animation/ControlRig/Content/Controls/ControlRig_Octagon_3mm.uexp" 549
"../../../Engine/Plugins/Animation/ControlRig/Content/Controls/ControlRig_Octagon_solid.ubulk" 550
"../../../Engine/Plugins/Animation/ControlRig/Content/Controls/ControlRig_Octagon_solid.uasset" 551
"../../../Engine/Plugins/Animation/ControlRig/Content/Controls/ControlRig_Octagon_solid.uexp" 552
"../../../Engine/Plugins/Animation/ControlRig/Content/Controls/ControlRig_Wedge_solid.ubulk" 553
"../../../Engine/Plugins/Animation/ControlRig/Content/Controls/ControlRig_Wedge_solid.uasset" 554
"../../../Engine/Plugins/Animation/ControlRig/Content/Controls/ControlRig_Wedge_solid.uexp" 555
"../../../Engine/Plugins/Animation/ControlRig/Content/Controls/ControlRig_Pyramid_1mm.ubulk" 556
"../../../Engine/Plugins/Animation/ControlRig/Content/Controls/ControlRig_Pyramid_1mm.uasset" 557
"../../../Engine/Plugins/Animation/ControlRig/Content/Controls/ControlRig_Pyramid_1mm.uexp" 558
"../../../Engine/Plugins/Animation/ControlRig/Content/Controls/ControlRig_Pyramid_3mm.ubulk" 559
"../../../Engine/Plugins/Animation/ControlRig/Content/Controls/ControlRig_Pyramid_3mm.uasset" 560
"../../../Engine/Plugins/Animation/ControlRig/Content/Controls/ControlRig_Pyramid_3mm.uexp" 561
"../../../Engine/Plugins/Animation/ControlRig/Content/Controls/ControlRig_Pyramid_solid.ubulk" 562
"../../../Engine/Plugins/Animation/ControlRig/Content/Controls/ControlRig_Pyramid_solid.uasset" 563
"../../../Engine/Plugins/Animation/ControlRig/Content/Controls/ControlRig_Pyramid_solid.uexp" 564
"../../../Engine/Plugins/Animation/ControlRig/Content/Controls/ControlRig_QuarterCircle_1mm.ubulk" 565
"../../../Engine/Plugins/Animation/ControlRig/Content/Controls/ControlRig_QuarterCircle_1mm.uasset" 566
"../../../Engine/Plugins/Animation/ControlRig/Content/Controls/ControlRig_QuarterCircle_1mm.uexp" 567
"../../../Engine/Plugins/Animation/ControlRig/Content/Controls/ControlRig_QuarterCircle_3mm.ubulk" 568
"../../../Engine/Plugins/Animation/ControlRig/Content/Controls/ControlRig_QuarterCircle_3mm.uasset" 569
"../../../Engine/Plugins/Animation/ControlRig/Content/Controls/ControlRig_QuarterCircle_3mm.uexp" 570
"../../../Engine/Plugins/Animation/ControlRig/Content/Controls/ControlRig_QuarterCircle_solid.ubulk" 571
"../../../Engine/Plugins/Animation/ControlRig/Content/Controls/ControlRig_QuarterCircle_solid.uasset" 572
"../../../Engine/Plugins/Animation/ControlRig/Content/Controls/ControlRig_QuarterCircle_solid.uexp" 573
"../../../Engine/Plugins/Animation/ControlRig/Content/Controls/ControlRig_RoundedSquare_1mm.ubulk" 574
"../../../Engine/Plugins/Animation/ControlRig/Content/Controls/ControlRig_RoundedSquare_1mm.uasset" 575
"../../../Engine/Plugins/Animation/ControlRig/Content/Controls/ControlRig_RoundedSquare_1mm.uexp" 576
"../../../Engine/Plugins/Animation/ControlRig/Content/Controls/ControlRig_RoundedSquare_3mm.ubulk" 577
"../../../Engine/Plugins/Animation/ControlRig/Content/Controls/ControlRig_RoundedSquare_3mm.uasset" 578
"../../../Engine/Plugins/Animation/ControlRig/Content/Controls/ControlRig_RoundedSquare_3mm.uexp" 579
"../../../Engine/Plugins/Animation/ControlRig/Content/Controls/ControlRig_RoundedSquare_solid.ubulk" 580
"../../../Engine/Plugins/Animation/ControlRig/Content/Controls/ControlRig_RoundedSquare_solid.uasset" 581
"../../../Engine/Plugins/Animation/ControlRig/Content/Controls/ControlRig_RoundedSquare_solid.uexp" 582
"../../../Engine/Plugins/Animation/ControlRig/Content/Controls/ControlRig_RoundedTriangle_1mm.ubulk" 583
"../../../Engine/Plugins/Animation/ControlRig/Content/Controls/ControlRig_RoundedTriangle_1mm.uasset" 584
"../../../Engine/Plugins/Animation/ControlRig/Content/Controls/ControlRig_RoundedTriangle_1mm.uexp" 585
"../../../Engine/Plugins/Animation/ControlRig/Content/Controls/ControlRig_RoundedTriangle_3mm.ubulk" 586
"../../../Engine/Plugins/Animation/ControlRig/Content/Controls/ControlRig_RoundedTriangle_3mm.uasset" 587
"../../../Engine/Plugins/Animation/ControlRig/Content/Controls/ControlRig_RoundedTriangle_3mm.uexp" 588
"../../../Engine/Plugins/Animation/ControlRig/Content/Controls/ControlRig_RoundedTriangle_solid.ubulk" 589
"../../../Engine/Plugins/Animation/ControlRig/Content/Controls/ControlRig_RoundedTriangle_solid.uasset" 590
"../../../Engine/Plugins/Animation/ControlRig/Content/Controls/ControlRig_RoundedTriangle_solid.uexp" 591
"../../../Engine/Plugins/Animation/DeformerGraph/Content/DeformerFunctions/DG_Function_LinearBlendSkin_Morph_Cloth.uasset" 592
"../../../Engine/Plugins/Animation/DeformerGraph/Content/DeformerFunctions/DG_Function_LinearBlendSkin_Morph_Cloth.uexp" 593
"../../../Engine/Plugins/Animation/DeformerGraph/Content/Deformers/DG_LinearBlendSkin_Morph_Cloth.uasset" 594
"../../../Engine/Plugins/Animation/DeformerGraph/Content/Deformers/DG_LinearBlendSkin_Morph_Cloth.uexp" 595
"../../../Engine/Plugins/Animation/DeformerGraph/Content/DeformerFunctions/DG_Function_ComputeNormalsTangents.uasset" 596
"../../../Engine/Plugins/Animation/DeformerGraph/Content/DeformerFunctions/DG_Function_ComputeNormalsTangents.uexp" 597
"../../../Engine/Plugins/Animation/DeformerGraph/Content/DeformerFunctions/DG_Function_LinearBlendSkin_Morph_Cloth_PositionOnly.uasset" 598
"../../../Engine/Plugins/Animation/DeformerGraph/Content/DeformerFunctions/DG_Function_LinearBlendSkin_Morph_Cloth_PositionOnly.uexp" 599
"../../../Engine/Plugins/Animation/DeformerGraph/Content/Deformers/DG_LinearBlendSkin_Morph_Cloth_RecomputeNormals.uasset" 600
"../../../Engine/Plugins/Animation/DeformerGraph/Content/Deformers/DG_LinearBlendSkin_Morph_Cloth_RecomputeNormals.uexp" 601
"../../../Engine/Content/Functions/Engine_MaterialFunctions02/Utility/VectorLength.uasset" 602
"../../../Engine/Content/Functions/Engine_MaterialFunctions02/Utility/VectorLength.uexp" 603
"../../../Engine/Content/Functions/Engine_MaterialFunctions02/WorldPositionOffset/ObjectScale.uasset" 604
"../../../Engine/Content/Functions/Engine_MaterialFunctions02/WorldPositionOffset/ObjectScale.uexp" 605
"../../../Engine/Plugins/Editor/SpeedTreeImporter/Content/SpeedTree9/Empty.uasset" 606
"../../../Engine/Plugins/Editor/SpeedTreeImporter/Content/SpeedTree9/Empty.uexp" 607
"../../../Engine/Plugins/Editor/SpeedTreeImporter/Content/SpeedTree9/EmptyNormal.uasset" 608
"../../../Engine/Plugins/Editor/SpeedTreeImporter/Content/SpeedTree9/EmptyNormal.uexp" 609
"../../../Engine/Plugins/Editor/SpeedTreeImporter/Content/SpeedTree9/game_wind_noise.ubulk" 610
"../../../Engine/Plugins/Editor/SpeedTreeImporter/Content/SpeedTree9/game_wind_noise.uasset" 611
"../../../Engine/Plugins/Editor/SpeedTreeImporter/Content/SpeedTree9/game_wind_noise.uexp" 612
"../../../Engine/Plugins/Editor/SpeedTreeImporter/Content/SpeedTree9/SpeedTreeBillboard.uasset" 613
"../../../Engine/Plugins/Editor/SpeedTreeImporter/Content/SpeedTree9/SpeedTreeBillboard.uexp" 614
"../../../Engine/Content/Functions/Engine_MaterialFunctions02/SafeNormalize.uasset" 615
"../../../Engine/Content/Functions/Engine_MaterialFunctions02/SafeNormalize.uexp" 616
"../../../Engine/Plugins/Editor/SpeedTreeImporter/Content/SpeedTree9/SpeedTreeWindMotion.uasset" 617
"../../../Engine/Plugins/Editor/SpeedTreeImporter/Content/SpeedTree9/SpeedTreeWindMotion.uexp" 618
"../../../Engine/Plugins/Editor/SpeedTreeImporter/Content/SpeedTree9/UnpackDirection.uasset" 619
"../../../Engine/Plugins/Editor/SpeedTreeImporter/Content/SpeedTree9/UnpackDirection.uexp" 620
"../../../Engine/Plugins/Editor/SpeedTreeImporter/Content/SpeedTree9/UnpackInteger3.uasset" 621
"../../../Engine/Plugins/Editor/SpeedTreeImporter/Content/SpeedTree9/UnpackInteger3.uexp" 622
"../../../Engine/Plugins/Editor/SpeedTreeImporter/Content/SpeedTree9/SpeedTreeBranchMotion.uasset" 623
"../../../Engine/Plugins/Editor/SpeedTreeImporter/Content/SpeedTree9/SpeedTreeBranchMotion.uexp" 624
"../../../Engine/Content/Functions/Engine_MaterialFunctions02/ObjectLocalBounds.uasset" 625
"../../../Engine/Content/Functions/Engine_MaterialFunctions02/ObjectLocalBounds.uexp" 626
"../../../Engine/Content/Functions/Engine_MaterialFunctions02/UVs/BoundingBoxBased_0-1_UVW.uasset" 627
"../../../Engine/Content/Functions/Engine_MaterialFunctions02/UVs/BoundingBoxBased_0-1_UVW.uexp" 628
"../../../Engine/Plugins/Editor/SpeedTreeImporter/Content/SpeedTree9/SpeedTreeWind.uasset" 629
"../../../Engine/Plugins/Editor/SpeedTreeImporter/Content/SpeedTree9/SpeedTreeWind.uexp" 630
"../../../Engine/Plugins/Editor/SpeedTreeImporter/Content/SpeedTree9/SpeedTreeBillboardMaster.uasset" 631
"../../../Engine/Plugins/Editor/SpeedTreeImporter/Content/SpeedTree9/SpeedTreeBillboardMaster.uexp" 632
"../../../Engine/Plugins/Editor/SpeedTreeImporter/Content/SpeedTree9/SpeedTreeCameraFacing.uasset" 633
"../../../Engine/Plugins/Editor/SpeedTreeImporter/Content/SpeedTree9/SpeedTreeCameraFacing.uexp" 634
"../../../Engine/Plugins/Editor/SpeedTreeImporter/Content/SpeedTree9/SpeedTreeMaster.uasset" 635
"../../../Engine/Plugins/Editor/SpeedTreeImporter/Content/SpeedTree9/SpeedTreeMaster.uexp" 636
"../../../Engine/Plugins/Experimental/MeshModelingToolsetExp/Content/Materials/GetDisplacementVectorForDepthBias.uasset" 637
"../../../Engine/Plugins/Experimental/MeshModelingToolsetExp/Content/Materials/GetDisplacementVectorForDepthBias.uexp" 638
"../../../Engine/Content/Functions/Engine_MaterialFunctions03/Viewport/MF_OrthoWidth.uasset" 639
"../../../Engine/Content/Functions/Engine_MaterialFunctions03/Viewport/MF_OrthoWidth.uexp" 640
"../../../Engine/Content/Functions/Engine_MaterialFunctions02/Utility/FOV.uasset" 641
"../../../Engine/Content/Functions/Engine_MaterialFunctions02/Utility/FOV.uexp" 642
"../../../Engine/Content/Functions/Engine_MaterialFunctions02/WorldPositionOffset/V2/ObjectScale.uasset" 643
"../../../Engine/Content/Functions/Engine_MaterialFunctions02/WorldPositionOffset/V2/ObjectScale.uexp" 644
"../../../Engine/Plugins/Experimental/MeshModelingToolsetExp/Content/Materials/PointSetOverlaidComponentMaterial.uasset" 645
"../../../Engine/Plugins/Experimental/MeshModelingToolsetExp/Content/Materials/PointSetOverlaidComponentMaterial.uexp" 646
"../../../Engine/Plugins/Interchange/Assets/Content/Functions/MX_TranslucentBSDF.uasset" 647
"../../../Engine/Plugins/Interchange/Assets/Content/Functions/MX_TranslucentBSDF.uexp" 648
"../../../Engine/Plugins/Interchange/Assets/Content/Functions/MX_UniformEDF.uasset" 649
"../../../Engine/Plugins/Interchange/Assets/Content/Functions/MX_UniformEDF.uexp" 650
"../../../Engine/Plugins/Interchange/Assets/Content/Functions/MX_AbsorptionVDF.uasset" 651
"../../../Engine/Plugins/Interchange/Assets/Content/Functions/MX_AbsorptionVDF.uexp" 652
"../../../Engine/Plugins/Interchange/Assets/Content/Functions/MX_UsdPreviewSurface.uasset" 653
"../../../Engine/Plugins/Interchange/Assets/Content/Functions/MX_UsdPreviewSurface.uexp" 654
"../../../Engine/Plugins/Interchange/Assets/Content/Functions/MX_AnisotropicVDF.uasset" 655
"../../../Engine/Plugins/Interchange/Assets/Content/Functions/MX_AnisotropicVDF.uexp" 656
"../../../Engine/Plugins/Interchange/Assets/Content/Functions/MX_BurleyDiffuseBSDF.uasset" 657
"../../../Engine/Plugins/Interchange/Assets/Content/Functions/MX_BurleyDiffuseBSDF.uexp" 658
"../../../Engine/Plugins/Interchange/Assets/Content/Functions/MX_ChiangHairBSDF.uasset" 659
"../../../Engine/Plugins/Interchange/Assets/Content/Functions/MX_ChiangHairBSDF.uexp" 660
"../../../Engine/Plugins/Interchange/Assets/Content/Functions/MX_ConductorBSDF.uasset" 661
"../../../Engine/Plugins/Interchange/Assets/Content/Functions/MX_ConductorBSDF.uexp" 662
"../../../Engine/Plugins/Interchange/Assets/Content/Functions/MX_ConicalEDF.uasset" 663
"../../../Engine/Plugins/Interchange/Assets/Content/Functions/MX_ConicalEDF.uexp" 664
"../../../Engine/Plugins/Interchange/Assets/Content/Substrate/MX_SimpleVolume.uasset" 665
"../../../Engine/Plugins/Interchange/Assets/Content/Substrate/MX_SimpleVolume.uexp" 666
"../../../Engine/Plugins/Interchange/Assets/Content/Functions/MX_DielectricBSDF.uasset" 667
"../../../Engine/Plugins/Interchange/Assets/Content/Functions/MX_DielectricBSDF.uexp" 668
"../../../Engine/Plugins/Runtime/AudioWidgets/Content/Resources/ScrubHandleDown_Clamped.uasset" 669
"../../../Engine/Plugins/Runtime/AudioWidgets/Content/Resources/ScrubHandleDown_Clamped.uexp" 670
"../../../Engine/Plugins/Interchange/Assets/Content/Functions/MX_Displacement.uasset" 671
"../../../Engine/Plugins/Interchange/Assets/Content/Functions/MX_Displacement.uexp" 672
"../../../Engine/Plugins/Interchange/Assets/Content/Functions/MX_GeneralizedSchlickBSDF.uasset" 673
"../../../Engine/Plugins/Interchange/Assets/Content/Functions/MX_GeneralizedSchlickBSDF.uexp" 674
"../../../Engine/Plugins/Interchange/Assets/Content/Functions/MX_MeasuredEDF.uasset" 675
"../../../Engine/Plugins/Interchange/Assets/Content/Functions/MX_MeasuredEDF.uexp" 676
"../../../Engine/Plugins/Interchange/Assets/Content/Functions/MF_IridescenceNoLUT.uasset" 677
"../../../Engine/Plugins/Interchange/Assets/Content/Functions/MF_IridescenceNoLUT.uexp" 678
"../../../Engine/Plugins/Interchange/Assets/Content/Functions/MX_StandardSurface.uasset" 679
"../../../Engine/Plugins/Interchange/Assets/Content/Functions/MX_StandardSurface.uexp" 680
"../../../Engine/Plugins/Interchange/Assets/Content/Functions/MX_OpenPBR_Opaque.uasset" 681
"../../../Engine/Plugins/Interchange/Assets/Content/Functions/MX_OpenPBR_Opaque.uexp" 682
"../../../Engine/Plugins/Interchange/Assets/Content/Functions/MX_TransmissionSurface.uasset" 683
"../../../Engine/Plugins/Interchange/Assets/Content/Functions/MX_TransmissionSurface.uexp" 684
"../../../Engine/Plugins/Interchange/Assets/Content/Functions/MX_OpenPBR_Translucent.uasset" 685
"../../../Engine/Plugins/Interchange/Assets/Content/Functions/MX_OpenPBR_Translucent.uexp" 686
"../../../Engine/Plugins/Interchange/Assets/Content/Functions/MX_OrenNayarBSDF.uasset" 687
"../../../Engine/Plugins/Interchange/Assets/Content/Functions/MX_OrenNayarBSDF.uexp" 688
"../../../Engine/Plugins/Interchange/Assets/Content/Functions/MX_SheenBSDF.uasset" 689
"../../../Engine/Plugins/Interchange/Assets/Content/Functions/MX_SheenBSDF.uexp" 690
"../../../Engine/Plugins/Interchange/Assets/Content/Functions/MX_SubsurfaceBSDF.uasset" 691
"../../../Engine/Plugins/Interchange/Assets/Content/Functions/MX_SubsurfaceBSDF.uexp" 692
"../../../Engine/Plugins/Interchange/Assets/Content/Functions/MX_Surface.uasset" 693
"../../../Engine/Plugins/Interchange/Assets/Content/Functions/MX_Surface.uexp" 694
"../../../Engine/Plugins/Interchange/Assets/Content/Functions/MX_SurfaceUnlit.uasset" 695
"../../../Engine/Plugins/Interchange/Assets/Content/Functions/MX_SurfaceUnlit.uexp" 696
"../../../Engine/Plugins/Runtime/HairStrands/Content/Materials/HairCardsDefaultMaterial.uasset" 697
"../../../Engine/Plugins/Runtime/HairStrands/Content/Materials/HairCardsDefaultMaterial.uexp" 698
"../../../Engine/Content/Functions/Engine_MaterialFunctions02/Utility/MakeFloat2.uasset" 699
"../../../Engine/Content/Functions/Engine_MaterialFunctions02/Utility/MakeFloat2.uexp" 700
"../../../Engine/Content/EngineMaterials/HairColorMap.uasset" 701
"../../../Engine/Content/EngineMaterials/HairColorMap.uexp" 702
"../../../Engine/Content/EngineMaterials/HairDebugColor.uasset" 703
"../../../Engine/Content/EngineMaterials/HairDebugColor.uexp" 704
"../../../Engine/Plugins/Runtime/HairStrands/Content/Materials/HairGroupColors.uasset" 705
"../../../Engine/Plugins/Runtime/HairStrands/Content/Materials/HairGroupColors.uexp" 706
"../../../Engine/Plugins/Runtime/HairStrands/Content/Materials/HairDebugMaterial.uasset" 707
"../../../Engine/Plugins/Runtime/HairStrands/Content/Materials/HairDebugMaterial.uexp" 708
"../../../Engine/Plugins/Runtime/HairStrands/Content/Materials/HairDefaultMaterial.uasset" 709
"../../../Engine/Plugins/Runtime/HairStrands/Content/Materials/HairDefaultMaterial.uexp" 710
"../../../Engine/Plugins/Runtime/HairStrands/Content/Materials/HairMeshesDefaultMaterial.uasset" 711
"../../../Engine/Plugins/Runtime/HairStrands/Content/Materials/HairMeshesDefaultMaterial.uexp" 712
"../../../Engine/Content/EditorMaterials/Dataflow/DataflowTwoSidedVertexMaterial.uasset" 713
"../../../Engine/Content/EditorMaterials/Dataflow/DataflowTwoSidedVertexMaterial.uexp" 714
"../../../Engine/Content/EditorMaterials/Dataflow/DataflowVertexMaterial.uasset" 715
"../../../Engine/Content/EditorMaterials/Dataflow/DataflowVertexMaterial.uexp" 716
"../../../Engine/Content/EditorMaterials/ParticleSystems/PSysThumbnail_NoImage.ubulk" 717
"../../../Engine/Content/EditorMaterials/ParticleSystems/PSysThumbnail_NoImage.uasset" 718
"../../../Engine/Content/EditorMaterials/ParticleSystems/PSysThumbnail_NoImage.uexp" 719
"../../../Engine/Content/EditorMaterials/ParticleSystems/PSysThumbnail_OOD.ubulk" 720
"../../../Engine/Content/EditorMaterials/ParticleSystems/PSysThumbnail_OOD.uasset" 721
"../../../Engine/Content/EditorMaterials/ParticleSystems/PSysThumbnail_OOD.uexp" 722
"../../../Engine/Content/EditorMaterials/Camera/CineMat.uasset" 723
"../../../Engine/Content/EditorMaterials/Camera/CineMat.uexp" 724
"../../../Engine/Content/EditorMaterials/Camera/MI_CineMat_Rig.uasset" 725
"../../../Engine/Content/EditorMaterials/Camera/MI_CineMat_Rig.uexp" 726
"../../../Engine/Content/EditorMeshes/Camera/SM_CraneRig_Arm.ubulk" 727
"../../../Engine/Content/EditorMeshes/Camera/SM_CraneRig_Arm.uasset" 728
"../../../Engine/Content/EditorMeshes/Camera/SM_CraneRig_Arm.uexp" 729
"../../../Engine/Content/EditorMeshes/Camera/SM_CraneRig_Base.ubulk" 730
"../../../Engine/Content/EditorMeshes/Camera/SM_CraneRig_Base.uasset" 731
"../../../Engine/Content/EditorMeshes/Camera/SM_CraneRig_Base.uexp" 732
"../../../Engine/Content/EditorMeshes/Camera/SM_CraneRig_Body.ubulk" 733
"../../../Engine/Content/EditorMeshes/Camera/SM_CraneRig_Body.uasset" 734
"../../../Engine/Content/EditorMeshes/Camera/SM_CraneRig_Body.uexp" 735
"../../../Engine/Content/EngineMaterials/EnergyConservation/Diffuse_Energy.uasset" 736
"../../../Engine/Content/EngineMaterials/EnergyConservation/Diffuse_Energy.uexp" 737
"../../../Engine/Content/EditorMeshes/Camera/SM_CraneRig_Mount.ubulk" 738
"../../../Engine/Content/EditorMeshes/Camera/SM_CraneRig_Mount.uasset" 739
"../../../Engine/Content/EditorMeshes/Camera/SM_CraneRig_Mount.uexp" 740
"../../../Engine/Content/EngineMaterials/EnergyConservation/GGX_ReflectionEnergy.uasset" 741
"../../../Engine/Content/EngineMaterials/EnergyConservation/GGX_ReflectionEnergy.uexp" 742
"../../../Engine/Content/EditorMeshes/Camera/SM_RailRig_Mount.ubulk" 743
"../../../Engine/Content/EditorMeshes/Camera/SM_RailRig_Mount.uasset" 744
"../../../Engine/Content/EditorMeshes/Camera/SM_RailRig_Mount.uexp" 745
"../../../Engine/Content/EditorMeshes/Camera/SM_RailRig_Track.ubulk" 746
"../../../Engine/Content/EditorMeshes/Camera/SM_RailRig_Track.uasset" 747
"../../../Engine/Content/EditorMeshes/Camera/SM_RailRig_Track.uexp" 748
"../../../Engine/Content/EngineMaterials/EnergyConservation/GGX_TransmissionEnergyArray.uasset" 749
"../../../Engine/Content/EngineMaterials/EnergyConservation/GGX_TransmissionEnergyArray.uexp" 750
"../../../Engine/Content/EngineMaterials/EnergyConservation/SheenLegacy_Energy.uasset" 751
"../../../Engine/Content/EngineMaterials/EnergyConservation/SheenLegacy_Energy.uexp" 752
"../../../Engine/Content/EditorResources/SequenceRecorder/Countdown.uasset" 753
"../../../Engine/Content/EditorResources/SequenceRecorder/Countdown.uexp" 754
"../../../Engine/Content/EngineMaterials/EnergyConservation/Sheen_Energy.uasset" 755
"../../../Engine/Content/EngineMaterials/EnergyConservation/Sheen_Energy.uexp" 756
"../../../Engine/Content/EditorResources/SequenceRecorder/RecordingIndicator.uasset" 757
"../../../Engine/Content/EditorResources/SequenceRecorder/RecordingIndicator.uexp" 758
"../../../Engine/Content/EngineMaterials/LTC/GGX_LTCAmp.uasset" 759
"../../../Engine/Content/EngineMaterials/LTC/GGX_LTCAmp.uexp" 760
"../../../Engine/Content/EngineMaterials/LTC/GGX_LTCMat.uasset" 761
"../../../Engine/Content/EngineMaterials/LTC/GGX_LTCMat.uexp" 762
"../../../Engine/Content/EngineMaterials/LTC/Sheen_LTC.uasset" 763
"../../../Engine/Content/EngineMaterials/LTC/Sheen_LTC.uexp" 764
"../../../Engine/Content/EngineResources/Development/ZenLogo_64.uasset" 765
"../../../Engine/Content/EngineResources/Development/ZenLogo_64.uexp" 766
"../../../Engine/Content/EngineResources/FilmGrains/Marcie_Grain_v3_128_M2_000.uasset" 767
"../../../Engine/Content/EngineResources/FilmGrains/Marcie_Grain_v3_128_M2_000.uexp" 768
"../../../Engine/Content/VREditor/TransformGizmo/BoundingBoxCorner.ubulk" 769
"../../../Engine/Content/VREditor/TransformGizmo/BoundingBoxCorner.uasset" 770
"../../../Engine/Content/VREditor/TransformGizmo/BoundingBoxCorner.uexp" 771
"../../../Engine/Content/VREditor/TransformGizmo/BoundingBoxEdge.ubulk" 772
"../../../Engine/Content/VREditor/TransformGizmo/BoundingBoxEdge.uasset" 773
"../../../Engine/Content/VREditor/TransformGizmo/BoundingBoxEdge.uexp" 774
"../../../Engine/Plugins/Interchange/Assets/Content/Utilities/New_LUT.uasset" 775
"../../../Engine/Plugins/Interchange/Assets/Content/Utilities/New_LUT.uexp" 776
"../../../Engine/Content/Functions/Engine_MaterialFunctions03/Math/RemapValueRange.uasset" 777
"../../../Engine/Content/Functions/Engine_MaterialFunctions03/Math/RemapValueRange.uexp" 778
"../../../Engine/Plugins/Interchange/Assets/Content/Functions/MF_Iridescence.uasset" 779
"../../../Engine/Plugins/Interchange/Assets/Content/Functions/MF_Iridescence.uexp" 780
"../../../Engine/Plugins/Interchange/Assets/Content/gltf/Textures/T_White_srgb.uasset" 781
"../../../Engine/Plugins/Interchange/Assets/Content/gltf/Textures/T_White_srgb.uexp" 782
"../../../Engine/Plugins/Interchange/Assets/Content/gltf/MaterialFunctions/MF_BaseColor.uasset" 783
"../../../Engine/Plugins/Interchange/Assets/Content/gltf/MaterialFunctions/MF_BaseColor.uexp" 784
"../../../Engine/Plugins/Interchange/Assets/Content/gltf/MaterialFunctions/MF_Emissive.uasset" 785
"../../../Engine/Plugins/Interchange/Assets/Content/gltf/MaterialFunctions/MF_Emissive.uexp" 786
"../../../Engine/Plugins/Interchange/Assets/Content/gltf/MaterialFunctions/MF_IOR.uasset" 787
"../../../Engine/Plugins/Interchange/Assets/Content/gltf/MaterialFunctions/MF_IOR.uexp" 788
"../../../Engine/Plugins/Interchange/Assets/Content/gltf/MaterialFunctions/MF_Iridescence.uasset" 789
"../../../Engine/Plugins/Interchange/Assets/Content/gltf/MaterialFunctions/MF_Iridescence.uexp" 790
"../../../Engine/Plugins/Interchange/Assets/Content/gltf/Textures/T_White_Linear.uasset" 791
"../../../Engine/Plugins/Interchange/Assets/Content/gltf/Textures/T_White_Linear.uexp" 792
"../../../Engine/Plugins/Interchange/Assets/Content/gltf/MaterialFunctions/MF_MetallicRoughness.uasset" 793
"../../../Engine/Plugins/Interchange/Assets/Content/gltf/MaterialFunctions/MF_MetallicRoughness.uexp" 794
"../../../Engine/Plugins/Interchange/Assets/Content/gltf/MaterialFunctions/MF_RotateNormals_TS.uasset" 795
"../../../Engine/Plugins/Interchange/Assets/Content/gltf/MaterialFunctions/MF_RotateNormals_TS.uexp" 796
"../../../Engine/Plugins/Interchange/Assets/Content/gltf/MaterialFunctions/MF_ScaleNormal.uasset" 797
"../../../Engine/Plugins/Interchange/Assets/Content/gltf/MaterialFunctions/MF_ScaleNormal.uexp" 798
"../../../Engine/Plugins/Interchange/Assets/Content/gltf/Textures/T_Generic_N.uasset" 799
"../../../Engine/Plugins/Interchange/Assets/Content/gltf/Textures/T_Generic_N.uexp" 800
"../../../Engine/Plugins/Interchange/Assets/Content/gltf/MaterialFunctions/MF_Normals.uasset" 801
"../../../Engine/Plugins/Interchange/Assets/Content/gltf/MaterialFunctions/MF_Normals.uexp" 802
"../../../Engine/Plugins/Interchange/Assets/Content/gltf/MaterialFunctions/MF_Occlusion.uasset" 803
"../../../Engine/Plugins/Interchange/Assets/Content/gltf/MaterialFunctions/MF_Occlusion.uexp" 804
"../../../Engine/Plugins/Interchange/Assets/Content/gltf/MaterialFunctions/MF_RotateV2.uasset" 805
"../../../Engine/Plugins/Interchange/Assets/Content/gltf/MaterialFunctions/MF_RotateV2.uexp" 806
"../../../Engine/Plugins/Interchange/Assets/Content/gltf/MaterialFunctions/MF_Specular.uasset" 807
"../../../Engine/Plugins/Interchange/Assets/Content/gltf/MaterialFunctions/MF_Specular.uexp" 808
"../../../Engine/Plugins/Interchange/Assets/Content/gltf/Textures/T_Anisotropy_Direction_Linear.uasset" 809
"../../../Engine/Plugins/Interchange/Assets/Content/gltf/Textures/T_Anisotropy_Direction_Linear.uexp" 810
"../../../Engine/Plugins/Interchange/Assets/Content/gltf/MaterialFunctions/MF_SpecularAnisotropy.uasset" 811
"../../../Engine/Plugins/Interchange/Assets/Content/gltf/MaterialFunctions/MF_SpecularAnisotropy.uexp" 812
"../../../Engine/Plugins/Interchange/Assets/Content/gltf/MaterialFunctions/MF_TransformUVs.uasset" 813
"../../../Engine/Plugins/Interchange/Assets/Content/gltf/MaterialFunctions/MF_TransformUVs.uexp" 814
"../../../Engine/Plugins/Interchange/Assets/Content/gltf/MaterialFunctions/MF_Sheen.uasset" 815
"../../../Engine/Plugins/Interchange/Assets/Content/gltf/MaterialFunctions/MF_Sheen.uexp" 816
"../../../Engine/Plugins/Interchange/Assets/Content/gltf/MaterialBodies/MF_Sheen_Body.uasset" 817
"../../../Engine/Plugins/Interchange/Assets/Content/gltf/MaterialBodies/MF_Sheen_Body.uexp" 818
"../../../Engine/Plugins/Interchange/Assets/Content/gltf/M_Sheen.uasset" 819
"../../../Engine/Plugins/Interchange/Assets/Content/gltf/M_Sheen.uexp" 820
"../../../Engine/Plugins/Interchange/Assets/Content/gltf/MaterialInstances/MI_Sheen_Mask_DS.uasset" 821
"../../../Engine/Plugins/Interchange/Assets/Content/gltf/MaterialInstances/MI_Sheen_Mask_DS.uexp" 822
"../../../Engine/Plugins/Interchange/Assets/Content/gltf/MaterialInstances/MI_Sheen_Opaque.uasset" 823
"../../../Engine/Plugins/Interchange/Assets/Content/gltf/MaterialInstances/MI_Sheen_Opaque.uexp" 824
"../../../Engine/Plugins/Interchange/Assets/Content/gltf/MaterialInstances/MI_Sheen_Opaque_DS.uasset" 825
"../../../Engine/Plugins/Interchange/Assets/Content/gltf/MaterialInstances/MI_Sheen_Opaque_DS.uexp" 826
"../../../Engine/Plugins/Interchange/Assets/Content/gltf/MaterialFunctions/MF_DiffuseSpecGloss.uasset" 827
"../../../Engine/Plugins/Interchange/Assets/Content/gltf/MaterialFunctions/MF_DiffuseSpecGloss.uexp" 828
"../../../Engine/Plugins/Interchange/Assets/Content/gltf/MaterialFunctions/MF_MaxComponentValue.uasset" 829
"../../../Engine/Plugins/Interchange/Assets/Content/gltf/MaterialFunctions/MF_MaxComponentValue.uexp" 830
"../../../Engine/Content/Functions/Engine_MaterialFunctions02/Math/AddComponents.uasset" 831
"../../../Engine/Content/Functions/Engine_MaterialFunctions02/Math/AddComponents.uexp" 832
"../../../Engine/Plugins/Interchange/Assets/Content/gltf/MaterialFunctions/MF_PerceivedBrightness.uasset" 833
"../../../Engine/Plugins/Interchange/Assets/Content/gltf/MaterialFunctions/MF_PerceivedBrightness.uexp" 834
"../../../Engine/Plugins/Interchange/Assets/Content/gltf/MaterialFunctions/MF_SpecGlossToMetalRoughness.uasset" 835
"../../../Engine/Plugins/Interchange/Assets/Content/gltf/MaterialFunctions/MF_SpecGlossToMetalRoughness.uexp" 836
"../../../Engine/Plugins/Interchange/Assets/Content/gltf/MaterialBodies/MF_SpecularGlossiness_Body.uasset" 837
"../../../Engine/Plugins/Interchange/Assets/Content/gltf/MaterialBodies/MF_SpecularGlossiness_Body.uexp" 838
"../../../Engine/Plugins/Interchange/Assets/Content/gltf/M_SpecularGlossiness.uasset" 839
"../../../Engine/Plugins/Interchange/Assets/Content/gltf/M_SpecularGlossiness.uexp" 840
"../../../Engine/Plugins/Interchange/Assets/Content/gltf/MaterialInstances/MI_SpecularGlossiness_Blend.uasset" 841
"../../../Engine/Plugins/Interchange/Assets/Content/gltf/MaterialInstances/MI_SpecularGlossiness_Blend.uexp" 842
"../../../Engine/Plugins/Interchange/Assets/Content/gltf/MaterialInstances/MI_SpecularGlossiness_Blend_DS.uasset" 843
"../../../Engine/Plugins/Interchange/Assets/Content/gltf/MaterialInstances/MI_SpecularGlossiness_Blend_DS.uexp" 844
"../../../Engine/Plugins/Interchange/Assets/Content/gltf/MaterialInstances/MI_SpecularGlossiness_Mask.uasset" 845
"../../../Engine/Plugins/Interchange/Assets/Content/gltf/MaterialInstances/MI_SpecularGlossiness_Mask.uexp" 846
"../../../Engine/Plugins/Interchange/Assets/Content/gltf/MaterialInstances/MI_SpecularGlossiness_Mask_DS.uasset" 847
"../../../Engine/Plugins/Interchange/Assets/Content/gltf/MaterialInstances/MI_SpecularGlossiness_Mask_DS.uexp" 848
"../../../Engine/Content/Functions/Engine_MaterialFunctions01/Texturing/FlattenNormal.uasset" 849
"../../../Engine/Content/Functions/Engine_MaterialFunctions01/Texturing/FlattenNormal.uexp" 850
"../../../Engine/Plugins/Interchange/Assets/Content/gltf/MaterialFunctions/MF_Clearcoat.uasset" 851
"../../../Engine/Plugins/Interchange/Assets/Content/gltf/MaterialFunctions/MF_Clearcoat.uexp" 852
"../../../Engine/Plugins/Interchange/Assets/Content/gltf/MaterialBodies/MF_ClearCoat_Body.uasset" 853
"../../../Engine/Plugins/Interchange/Assets/Content/gltf/MaterialBodies/MF_ClearCoat_Body.uexp" 854
"../../../Engine/Plugins/Interchange/Assets/Content/gltf/M_ClearCoat.uasset" 855
"../../../Engine/Plugins/Interchange/Assets/Content/gltf/M_ClearCoat.uexp" 856
"../../../Engine/Plugins/Interchange/Assets/Content/gltf/MaterialInstances/MI_ClearCoat_Blend.uasset" 857
"../../../Engine/Plugins/Interchange/Assets/Content/gltf/MaterialInstances/MI_ClearCoat_Blend.uexp" 858
"../../../Engine/Plugins/Interchange/Assets/Content/gltf/MaterialInstances/MI_SpecularGlossiness_Opaque.uasset" 859
"../../../Engine/Plugins/Interchange/Assets/Content/gltf/MaterialInstances/MI_SpecularGlossiness_Opaque.uexp" 860
"../../../Engine/Plugins/Interchange/Assets/Content/gltf/MaterialInstances/MI_ClearCoat_Blend_DS.uasset" 861
"../../../Engine/Plugins/Interchange/Assets/Content/gltf/MaterialInstances/MI_ClearCoat_Blend_DS.uexp" 862
"../../../Engine/Plugins/Interchange/Assets/Content/gltf/MaterialInstances/MI_SpecularGlossiness_Opaque_DS.uasset" 863
"../../../Engine/Plugins/Interchange/Assets/Content/gltf/MaterialInstances/MI_SpecularGlossiness_Opaque_DS.uexp" 864
"../../../Engine/Plugins/Interchange/Assets/Content/gltf/MaterialInstances/MI_ClearCoat_Mask.uasset" 865
"../../../Engine/Plugins/Interchange/Assets/Content/gltf/MaterialInstances/MI_ClearCoat_Mask.uexp" 866
"../../../Engine/Plugins/Interchange/Assets/Content/gltf/MaterialInstances/MI_ClearCoat_Mask_DS.uasset" 867
"../../../Engine/Plugins/Interchange/Assets/Content/gltf/MaterialInstances/MI_ClearCoat_Mask_DS.uexp" 868
"../../../Engine/Content/EngineMaterials/Good64x64TilingNoiseHighFreq.uasset" 869
"../../../Engine/Content/EngineMaterials/Good64x64TilingNoiseHighFreq.uexp" 870
"../../../Engine/Content/Functions/Engine_MaterialFunctions02/Texturing/ScreenAlignedPixelToPixelUVs.uasset" 871
"../../../Engine/Content/Functions/Engine_MaterialFunctions02/Texturing/ScreenAlignedPixelToPixelUVs.uexp" 872
"../../../Engine/Plugins/Interchange/Assets/Content/gltf/MaterialFunctions/MF_Fresnel_DS.uasset" 873
"../../../Engine/Plugins/Interchange/Assets/Content/gltf/MaterialFunctions/MF_Fresnel_DS.uexp" 874
"../../../Engine/Plugins/Interchange/Assets/Content/gltf/MaterialFunctions/MF_Temporal_Blur.uasset" 875
"../../../Engine/Plugins/Interchange/Assets/Content/gltf/MaterialFunctions/MF_Temporal_Blur.uexp" 876
"../../../Engine/Plugins/Interchange/Assets/Content/gltf/MaterialFunctions/MF_Transmission.uasset" 877
"../../../Engine/Plugins/Interchange/Assets/Content/gltf/MaterialFunctions/MF_Transmission.uexp" 878
"../../../Engine/Plugins/Interchange/Assets/Content/gltf/MaterialBodies/MF_Transmission_Body.uasset" 879
"../../../Engine/Plugins/Interchange/Assets/Content/gltf/MaterialBodies/MF_Transmission_Body.uexp" 880
"../../../Engine/Plugins/Interchange/Assets/Content/gltf/M_Transmission.uasset" 881
"../../../Engine/Plugins/Interchange/Assets/Content/gltf/M_Transmission.uexp" 882
"../../../Engine/Plugins/Interchange/Assets/Content/gltf/MaterialInstances/MI_Transmission.uasset" 883
"../../../Engine/Plugins/Interchange/Assets/Content/gltf/MaterialInstances/MI_Transmission.uexp" 884
"../../../Engine/Plugins/Interchange/Assets/Content/gltf/MaterialInstances/MI_ClearCoat_Opaque.uasset" 885
"../../../Engine/Plugins/Interchange/Assets/Content/gltf/MaterialInstances/MI_ClearCoat_Opaque.uexp" 886
"../../../Engine/Plugins/Interchange/Assets/Content/gltf/MaterialInstances/MI_Transmission_DS.uasset" 887
"../../../Engine/Plugins/Interchange/Assets/Content/gltf/MaterialInstances/MI_Transmission_DS.uexp" 888
"../../../Engine/Plugins/Interchange/Assets/Content/gltf/MaterialInstances/MI_ClearCoat_Opaque_DS.uasset" 889
"../../../Engine/Plugins/Interchange/Assets/Content/gltf/MaterialInstances/MI_ClearCoat_Opaque_DS.uexp" 890
"../../../Engine/Plugins/Interchange/Assets/Content/gltf/MaterialBodies/MF_Unlit_Body.uasset" 891
"../../../Engine/Plugins/Interchange/Assets/Content/gltf/MaterialBodies/MF_Unlit_Body.uexp" 892
"../../../Engine/Plugins/Interchange/Assets/Content/gltf/M_Unlit.uasset" 893
"../../../Engine/Plugins/Interchange/Assets/Content/gltf/M_Unlit.uexp" 894
"../../../Engine/Plugins/Interchange/Assets/Content/gltf/MaterialInstances/MI_Unlit_Blend.uasset" 895
"../../../Engine/Plugins/Interchange/Assets/Content/gltf/MaterialInstances/MI_Unlit_Blend.uexp" 896
"../../../Engine/Plugins/Interchange/Assets/Content/gltf/MaterialBodies/MF_Default_Body.uasset" 897
"../../../Engine/Plugins/Interchange/Assets/Content/gltf/MaterialBodies/MF_Default_Body.uexp" 898
"../../../Engine/Plugins/Interchange/Assets/Content/gltf/M_Default.uasset" 899
"../../../Engine/Plugins/Interchange/Assets/Content/gltf/M_Default.uexp" 900
"../../../Engine/Plugins/Interchange/Assets/Content/gltf/MaterialInstances/MI_Default_Blend.uasset" 901
"../../../Engine/Plugins/Interchange/Assets/Content/gltf/MaterialInstances/MI_Default_Blend.uexp" 902
"../../../Engine/Plugins/Interchange/Assets/Content/gltf/MaterialInstances/MI_Unlit_Blend_DS.uasset" 903
"../../../Engine/Plugins/Interchange/Assets/Content/gltf/MaterialInstances/MI_Unlit_Blend_DS.uexp" 904
"../../../Engine/Plugins/Interchange/Assets/Content/gltf/MaterialInstances/MI_Default_Blend_DS.uasset" 905
"../../../Engine/Plugins/Interchange/Assets/Content/gltf/MaterialInstances/MI_Default_Blend_DS.uexp" 906
"../../../Engine/Plugins/Interchange/Assets/Content/gltf/MaterialInstances/MI_Unlit_Mask.uasset" 907
"../../../Engine/Plugins/Interchange/Assets/Content/gltf/MaterialInstances/MI_Unlit_Mask.uexp" 908
"../../../Engine/Plugins/Interchange/Assets/Content/gltf/MaterialInstances/MI_Default_Mask.uasset" 909
"../../../Engine/Plugins/Interchange/Assets/Content/gltf/MaterialInstances/MI_Default_Mask.uexp" 910
"../../../Engine/Plugins/Interchange/Assets/Content/gltf/MaterialInstances/MI_Unlit_Mask_DS.uasset" 911
"../../../Engine/Plugins/Interchange/Assets/Content/gltf/MaterialInstances/MI_Unlit_Mask_DS.uexp" 912
"../../../Engine/Plugins/Interchange/Assets/Content/gltf/MaterialInstances/MI_Default_Mask_DS.uasset" 913
"../../../Engine/Plugins/Interchange/Assets/Content/gltf/MaterialInstances/MI_Default_Mask_DS.uexp" 914
"../../../Engine/Plugins/Interchange/Assets/Content/gltf/MaterialInstances/MI_Default_Opaque.uasset" 915
"../../../Engine/Plugins/Interchange/Assets/Content/gltf/MaterialInstances/MI_Default_Opaque.uexp" 916
"../../../Engine/Plugins/Interchange/Assets/Content/gltf/MaterialInstances/MI_Unlit_Opaque.uasset" 917
"../../../Engine/Plugins/Interchange/Assets/Content/gltf/MaterialInstances/MI_Unlit_Opaque.uexp" 918
"../../../Engine/Plugins/Interchange/Assets/Content/gltf/MaterialInstances/MI_Default_Opaque_DS.uasset" 919
"../../../Engine/Plugins/Interchange/Assets/Content/gltf/MaterialInstances/MI_Default_Opaque_DS.uexp" 920
"../../../Engine/Plugins/Interchange/Assets/Content/gltf/MaterialInstances/MI_Unlit_Opaque_DS.uasset" 921
"../../../Engine/Plugins/Interchange/Assets/Content/gltf/MaterialInstances/MI_Unlit_Opaque_DS.uexp" 922
"../../../Engine/Plugins/Interchange/Assets/Content/gltf/MaterialInstances/MI_Sheen_Blend.uasset" 923
"../../../Engine/Plugins/Interchange/Assets/Content/gltf/MaterialInstances/MI_Sheen_Blend.uexp" 924
"../../../Engine/Plugins/Interchange/Assets/Content/gltf/MaterialInstances/MI_Sheen_Blend_DS.uasset" 925
"../../../Engine/Plugins/Interchange/Assets/Content/gltf/MaterialInstances/MI_Sheen_Blend_DS.uexp" 926
"../../../Engine/Plugins/Interchange/Assets/Content/gltf/MaterialInstances/MI_Sheen_Mask.uasset" 927
"../../../Engine/Plugins/Interchange/Assets/Content/gltf/MaterialInstances/MI_Sheen_Mask.uexp" 928
"../../../Engine/Content/ArtTools/RenderToTexture/Meshes/S_1_Unit_Plane.ubulk" 929
"../../../Engine/Content/ArtTools/RenderToTexture/Meshes/S_1_Unit_Plane.uasset" 930
"../../../Engine/Content/ArtTools/RenderToTexture/Meshes/S_1_Unit_Plane.uexp" 931
"../../../Engine/Content/EngineMaterials/Substrate/GLints/AGlintTex2dArray.uasset" 932
"../../../Engine/Content/EngineMaterials/Substrate/GLints/AGlintTex2dArray.uexp" 933
"../../../Engine/Content/EngineMaterials/Substrate/Glints2/AGlintTex2dArray2.uasset" 934
"../../../Engine/Content/EngineMaterials/Substrate/Glints2/AGlintTex2dArray2.uexp" 935
"../../../Engine/Content/Functions/Engine_MaterialFunctions01/Shading/ConvertFromDiffSpec.uasset" 936
"../../../Engine/Content/Functions/Engine_MaterialFunctions01/Shading/ConvertFromDiffSpec.uexp" 937
"../../../Engine/Content/Functions/Engine_MaterialFunctions01/Shading/PowerToRoughness.uasset" 938
"../../../Engine/Content/Functions/Engine_MaterialFunctions01/Shading/PowerToRoughness.uexp" 939
"../../../Engine/Content/EngineMaterials/Substrate/Volume/SubstrateSimpleVolumeEnvLUT3D.uasset" 940
"../../../Engine/Content/EngineMaterials/Substrate/Volume/SubstrateSimpleVolumeEnvLUT3D.uexp" 941
"../../../Engine/Content/EngineMaterials/Substrate/Volume/SubstrateSimpleVolumeLUT3D.uasset" 942
"../../../Engine/Content/EngineMaterials/Substrate/Volume/SubstrateSimpleVolumeLUT3D.uexp" 943
"../../../Engine/Plugins/Interchange/Runtime/Content/Pipelines/DefaultAssetsPipeline.uasset" 944
"../../../Engine/Plugins/Interchange/Runtime/Content/Pipelines/DefaultAssetsPipeline.uexp" 945
"../../../Engine/Plugins/Interchange/Runtime/Content/Pipelines/DefaultAudioPipeline.uasset" 946
"../../../Engine/Plugins/Interchange/Runtime/Content/Pipelines/DefaultAudioPipeline.uexp" 947
"../../../Engine/Plugins/Interchange/Runtime/Content/Pipelines/DefaultGLTFAssetsPipeline.uasset" 948
"../../../Engine/Plugins/Interchange/Runtime/Content/Pipelines/DefaultGLTFAssetsPipeline.uexp" 949
"../../../Engine/Plugins/Interchange/Runtime/Content/Pipelines/DefaultGLTFPipeline.uasset" 950
"../../../Engine/Plugins/Interchange/Runtime/Content/Pipelines/DefaultGLTFPipeline.uexp" 951
"../../../Engine/Plugins/Interchange/Runtime/Content/Pipelines/DefaultGLTFSceneAssetsPipeline.uasset" 952
"../../../Engine/Plugins/Interchange/Runtime/Content/Pipelines/DefaultGLTFSceneAssetsPipeline.uexp" 953
"../../../Engine/Plugins/Interchange/Runtime/Content/Pipelines/DefaultMaterialPipeline.uasset" 954
"../../../Engine/Plugins/Interchange/Runtime/Content/Pipelines/DefaultMaterialPipeline.uexp" 955
"../../../Engine/Plugins/Interchange/Runtime/Content/Pipelines/DefaultMaterialXPipeline.uasset" 956
"../../../Engine/Plugins/Interchange/Runtime/Content/Pipelines/DefaultMaterialXPipeline.uexp" 957
"../../../Engine/Plugins/Interchange/Runtime/Content/Pipelines/DefaultSceneAssetsPipeline.uasset" 958
"../../../Engine/Plugins/Interchange/Runtime/Content/Pipelines/DefaultSceneAssetsPipeline.uexp" 959
"../../../Engine/Plugins/Interchange/Runtime/Content/Pipelines/DefaultSceneLevelPipeline.uasset" 960
"../../../Engine/Plugins/Interchange/Runtime/Content/Pipelines/DefaultSceneLevelPipeline.uexp" 961
"../../../Engine/Plugins/Interchange/Runtime/Content/Pipelines/DefaultTexturePipeline.uasset" 962
"../../../Engine/Plugins/Interchange/Runtime/Content/Pipelines/DefaultTexturePipeline.uexp" 963
"../../../Engine/Content/Maps/Entry_BuiltData.uasset" 964
"../../../Engine/Content/Maps/Entry_BuiltData.uexp" 965
"../../../Engine/Content/Maps/Entry.uexp" 966
"../../../Engine/Content/Maps/Entry.umap" 967
"C:/unreal/AnimalGatherer/Content/Maps/LV_Environment.uexp" 968
"C:/unreal/AnimalGatherer/Content/Maps/LV_Environment.umap" 969
"C:/unreal/AnimalGatherer/Content/Input/IA_MoveCursor.uasset" 970
"C:/unreal/AnimalGatherer/Content/Input/IA_MoveCursor.uexp" 971
"C:/unreal/AnimalGatherer/Content/Input/IA_Set_Down.uasset" 972
"C:/unreal/AnimalGatherer/Content/Input/IA_Set_Down.uexp" 973
"C:/unreal/AnimalGatherer/Content/Input/IA_Set_Left.uasset" 974
"C:/unreal/AnimalGatherer/Content/Input/IA_Set_Left.uexp" 975
"C:/unreal/AnimalGatherer/Content/Input/IA_Set_Right.uasset" 976
"C:/unreal/AnimalGatherer/Content/Input/IA_Set_Right.uexp" 977
"C:/unreal/AnimalGatherer/Content/Input/IA_Set_Up.uasset" 978
"C:/unreal/AnimalGatherer/Content/Input/IA_Set_Up.uexp" 979
"C:/unreal/AnimalGatherer/Content/Input/IMC_P1.uasset" 980
"C:/unreal/AnimalGatherer/Content/Input/IMC_P1.uexp" 981
"C:/unreal/AnimalGatherer/Content/Input/IMC_P2.uasset" 982
"C:/unreal/AnimalGatherer/Content/Input/IMC_P2.uexp" 983
"C:/unreal/AnimalGatherer/Content/Blueprints/BP_AnimalGatherPC.uasset" 984
"C:/unreal/AnimalGatherer/Content/Blueprints/BP_AnimalGatherPC.uexp" 985
"../../../Engine/Content/BasicShapes/Cube.ubulk" 986
"../../../Engine/Content/BasicShapes/Cube.uasset" 987
"../../../Engine/Content/BasicShapes/Cube.uexp" 988
"C:/unreal/AnimalGatherer/Content/Materials/M_CursorP1_Blue.uasset" 989
"C:/unreal/AnimalGatherer/Content/Materials/M_CursorP1_Blue.uexp" 990
"C:/unreal/AnimalGatherer/Content/Blueprints/BP_CursorPawnP1.uasset" 991
"C:/unreal/AnimalGatherer/Content/Blueprints/BP_CursorPawnP1.uexp" 992
"C:/unreal/AnimalGatherer/Content/Materials/M_CursorP2_Red.uasset" 993
"C:/unreal/AnimalGatherer/Content/Materials/M_CursorP2_Red.uexp" 994
"C:/unreal/AnimalGatherer/Content/Blueprints/BP_CursorPawnP2.uasset" 995
"C:/unreal/AnimalGatherer/Content/Blueprints/BP_CursorPawnP2.uexp" 996
"C:/unreal/AnimalGatherer/Content/Sounds/SE/TimeUp.ubulk" 997
"C:/unreal/AnimalGatherer/Content/Sounds/SE/TimeUp.uasset" 998
"C:/unreal/AnimalGatherer/Content/Sounds/SE/TimeUp.uexp" 999
"C:/unreal/AnimalGatherer/Content/Sounds/SE/TimeUp_Cue.uasset" 1000
"C:/unreal/AnimalGatherer/Content/Sounds/SE/TimeUp_Cue.uexp" 1001
"C:/unreal/AnimalGatherer/Content/Blueprints/BP_MainGameMode.uasset" 1002
"C:/unreal/AnimalGatherer/Content/Blueprints/BP_MainGameMode.uexp" 1003
"C:/unreal/AnimalGatherer/Content/UI/WBP_MainGame.uasset" 1004
"C:/unreal/AnimalGatherer/Content/UI/WBP_MainGame.uexp" 1005
"C:/unreal/AnimalGatherer/Content/Maps/LV_MainGame.uexp" 1006
"C:/unreal/AnimalGatherer/Content/Maps/LV_MainGame.umap" 1007
"C:/unreal/AnimalGatherer/Content/Blueprints/BP_Result.uasset" 1008
"C:/unreal/AnimalGatherer/Content/Blueprints/BP_Result.uexp" 1009
"C:/unreal/AnimalGatherer/Content/Image/result2.uasset" 1010
"C:/unreal/AnimalGatherer/Content/Image/result2.uexp" 1011
"C:/unreal/AnimalGatherer/Content/UI/WBP_Result.uasset" 1012
"C:/unreal/AnimalGatherer/Content/UI/WBP_Result.uexp" 1013
"C:/unreal/AnimalGatherer/Content/Maps/LV_Result.uexp" 1014
"C:/unreal/AnimalGatherer/Content/Maps/LV_Result.umap" 1015
"C:/unreal/AnimalGatherer/Content/Animals_Free/Textures/T_Textures.ubulk" 1016
"C:/unreal/AnimalGatherer/Content/Animals_Free/Textures/T_Textures.uasset" 1017
"C:/unreal/AnimalGatherer/Content/Animals_Free/Textures/T_Textures.uexp" 1018
"C:/unreal/AnimalGatherer/Content/Animals_Free/Materials/M_Material.uasset" 1019
"C:/unreal/AnimalGatherer/Content/Animals_Free/Materials/M_Material.uexp" 1020
"C:/unreal/AnimalGatherer/Content/Animals_Free/Animals/Meshes/SK_Pinguin_001_Skeleton.uasset" 1021
"C:/unreal/AnimalGatherer/Content/Animals_Free/Animals/Meshes/SK_Pinguin_001_Skeleton.uexp" 1022
"C:/unreal/AnimalGatherer/Content/Animals_Free/Animals/Physical_Assets/PA_Pinguin_001_PhysicsAsset.uasset" 1023
"C:/unreal/AnimalGatherer/Content/Animals_Free/Animals/Physical_Assets/PA_Pinguin_001_PhysicsAsset.uexp" 1024
"C:/unreal/AnimalGatherer/Content/Animals_Free/Animals/Meshes/SKM_Pinguin_001.uasset" 1025
"C:/unreal/AnimalGatherer/Content/Animals_Free/Animals/Meshes/SKM_Pinguin_001.uexp" 1026
"C:/unreal/AnimalGatherer/Content/Animals_Free/Animals/Animations/ANIM_Pinguin_001_Anim_Pinguin_001_walk.uasset" 1027
"C:/unreal/AnimalGatherer/Content/Animals_Free/Animals/Animations/ANIM_Pinguin_001_Anim_Pinguin_001_walk.uexp" 1028
"C:/unreal/AnimalGatherer/Content/Blueprints/BP_Animal.uasset" 1029
"C:/unreal/AnimalGatherer/Content/Blueprints/BP_Animal.uexp" 1030
"C:/unreal/AnimalGatherer/Content/Blueprints/BP_AnimalSpawner.uasset" 1031
"C:/unreal/AnimalGatherer/Content/Blueprints/BP_AnimalSpawner.uexp" 1032
"../../../Engine/Content/BasicShapes/Plane.ubulk" 1033
"../../../Engine/Content/BasicShapes/Plane.uasset" 1034
"../../../Engine/Content/BasicShapes/Plane.uexp" 1035
"C:/unreal/AnimalGatherer/Content/Image/arrow-UP.uasset" 1036
"C:/unreal/AnimalGatherer/Content/Image/arrow-UP.uexp" 1037
"C:/unreal/AnimalGatherer/Content/Materials/M_Arrow.uasset" 1038
"C:/unreal/AnimalGatherer/Content/Materials/M_Arrow.uexp" 1039
"C:/unreal/AnimalGatherer/Content/Materials/M_Red.uasset" 1040
"C:/unreal/AnimalGatherer/Content/Materials/M_Red.uexp" 1041
"C:/unreal/AnimalGatherer/Content/Materials/M_Blue.uasset" 1042
"C:/unreal/AnimalGatherer/Content/Materials/M_Blue.uexp" 1043
"../../../Engine/Plugins/Fab/Content/MaterialFunctions/QMF_AOAdjustments.uasset" 1044
"../../../Engine/Plugins/Fab/Content/MaterialFunctions/QMF_AOAdjustments.uexp" 1045
"../../../Engine/Plugins/Fab/Content/MaterialFunctions/QMF_BaseColorAdjustments.uasset" 1046
"../../../Engine/Plugins/Fab/Content/MaterialFunctions/QMF_BaseColorAdjustments.uexp" 1047
"../../../Engine/Plugins/Fab/Content/MaterialFunctions/QMF_NormalAdjustments.uasset" 1048
"../../../Engine/Plugins/Fab/Content/MaterialFunctions/QMF_NormalAdjustments.uexp" 1049
"../../../Engine/Plugins/Fab/Content/MaterialFunctions/QMF_RoughnessAdjustments.uasset" 1050
"../../../Engine/Plugins/Fab/Content/MaterialFunctions/QMF_RoughnessAdjustments.uexp" 1051
"../../../Engine/Plugins/Fab/Content/MaterialFunctions/QMF_Tiling.uasset" 1052
"../../../Engine/Plugins/Fab/Content/MaterialFunctions/QMF_Tiling.uexp" 1053
"../../../Engine/Plugins/Fab/Content/Textures/Standard/T_DefaultColor.uasset" 1054
"../../../Engine/Plugins/Fab/Content/Textures/Standard/T_DefaultColor.uexp" 1055
"../../../Engine/Plugins/Fab/Content/Textures/Standard/T_DefaultDisplacement.uasset" 1056
"../../../Engine/Plugins/Fab/Content/Textures/Standard/T_DefaultDisplacement.uexp" 1057
"../../../Engine/Plugins/Fab/Content/Textures/Standard/T_DefaultMasks.uasset" 1058
"../../../Engine/Plugins/Fab/Content/Textures/Standard/T_DefaultMasks.uexp" 1059
"../../../Engine/Plugins/Fab/Content/Textures/Standard/T_DefaultNormal.uasset" 1060
"../../../Engine/Plugins/Fab/Content/Textures/Standard/T_DefaultNormal.uexp" 1061
"../../../Engine/Plugins/Fab/Content/Materials/Standard/M_MS_Srf.uasset" 1062
"../../../Engine/Plugins/Fab/Content/Materials/Standard/M_MS_Srf.uexp" 1063
"C:/unreal/AnimalGatherer/Content/Fab/Megascans/Surfaces/Seychelles_Beige_Marble_Tiles_wgildfbv/Raw/wgildfbv_tier_0/Textures/T_wgildfbv_8K_B.uexp" 1064
"C:/unreal/AnimalGatherer/Content/Fab/Megascans/Surfaces/Seychelles_Beige_Marble_Tiles_wgildfbv/Raw/wgildfbv_tier_0/Textures/T_wgildfbv_8K_B.ubulk" 1065
"C:/unreal/AnimalGatherer/Content/Fab/Megascans/Surfaces/Seychelles_Beige_Marble_Tiles_wgildfbv/Raw/wgildfbv_tier_0/Textures/T_wgildfbv_8K_B.uasset" 1066
"C:/unreal/AnimalGatherer/Content/Fab/Megascans/Surfaces/Seychelles_Beige_Marble_Tiles_wgildfbv/Raw/wgildfbv_tier_0/Textures/T_wgildfbv_8K_B.uptnl" 1067
"C:/unreal/AnimalGatherer/Content/Fab/Megascans/Surfaces/Seychelles_Beige_Marble_Tiles_wgildfbv/Raw/wgildfbv_tier_0/Textures/T_wgildfbv_8K_N.uexp" 1068
"C:/unreal/AnimalGatherer/Content/Fab/Megascans/Surfaces/Seychelles_Beige_Marble_Tiles_wgildfbv/Raw/wgildfbv_tier_0/Textures/T_wgildfbv_8K_N.ubulk" 1069
"C:/unreal/AnimalGatherer/Content/Fab/Megascans/Surfaces/Seychelles_Beige_Marble_Tiles_wgildfbv/Raw/wgildfbv_tier_0/Textures/T_wgildfbv_8K_N.uasset" 1070
"C:/unreal/AnimalGatherer/Content/Fab/Megascans/Surfaces/Seychelles_Beige_Marble_Tiles_wgildfbv/Raw/wgildfbv_tier_0/Textures/T_wgildfbv_8K_N.uptnl" 1071
"C:/unreal/AnimalGatherer/Content/Fab/Megascans/Surfaces/Seychelles_Beige_Marble_Tiles_wgildfbv/Raw/wgildfbv_tier_0/Textures/T_wgildfbv_8K_ORM.uexp" 1072
"C:/unreal/AnimalGatherer/Content/Fab/Megascans/Surfaces/Seychelles_Beige_Marble_Tiles_wgildfbv/Raw/wgildfbv_tier_0/Textures/T_wgildfbv_8K_ORM.ubulk" 1073
"C:/unreal/AnimalGatherer/Content/Fab/Megascans/Surfaces/Seychelles_Beige_Marble_Tiles_wgildfbv/Raw/wgildfbv_tier_0/Textures/T_wgildfbv_8K_ORM.uasset" 1074
"C:/unreal/AnimalGatherer/Content/Fab/Megascans/Surfaces/Seychelles_Beige_Marble_Tiles_wgildfbv/Raw/wgildfbv_tier_0/Textures/T_wgildfbv_8K_ORM.uptnl" 1075
"C:/unreal/AnimalGatherer/Content/Fab/Megascans/Surfaces/Seychelles_Beige_Marble_Tiles_wgildfbv/Raw/wgildfbv_tier_0/Materials/MI_wgildfbv.uasset" 1076
"C:/unreal/AnimalGatherer/Content/Fab/Megascans/Surfaces/Seychelles_Beige_Marble_Tiles_wgildfbv/Raw/wgildfbv_tier_0/Materials/MI_wgildfbv.uexp" 1077
"C:/unreal/AnimalGatherer/Content/Blueprints/BP_MapManager.uasset" 1078
"C:/unreal/AnimalGatherer/Content/Blueprints/BP_MapManager.uexp" 1079
"C:/unreal/AnimalGatherer/Content/Maps/LV_Stage.uexp" 1080
"C:/unreal/AnimalGatherer/Content/Maps/LV_Stage.umap" 1081
"C:/unreal/AnimalGatherer/Content/Blueprints/BP_Title.uasset" 1082
"C:/unreal/AnimalGatherer/Content/Blueprints/BP_Title.uexp" 1083
"C:/unreal/AnimalGatherer/Content/Image/Gemini_Generated_Image_c66nlwc66nlwc66n.uasset" 1084
"C:/unreal/AnimalGatherer/Content/Image/Gemini_Generated_Image_c66nlwc66nlwc66n.uexp" 1085
"C:/unreal/AnimalGatherer/Content/UI/WBP_Title.uasset" 1086
"C:/unreal/AnimalGatherer/Content/UI/WBP_Title.uexp" 1087
"C:/unreal/AnimalGatherer/Content/Maps/LV_Title.uexp" 1088
"C:/unreal/AnimalGatherer/Content/Maps/LV_Title.umap" 1089
